Archive member included because of file (symbol)

c:/program files (x86)/microchip/xc32/v1.33/bin/bin/../../lib/gcc/pic32mx/4.5.2/../../../../pic32mx/lib\libmchp_peripheral_32MX795F512L.a(spi_chn_getc_lib.o)
                              build/default/production/_ext/1071406310/phbalReg_Stub.o (SpiChnGetC)
c:/program files (x86)/microchip/xc32/v1.33/bin/bin/../../lib/gcc/pic32mx/4.5.2/../../../../pic32mx/lib\libmchp_peripheral_32MX795F512L.a(spi_chn_gets_lib.o)
                              build/default/production/_ext/1071406310/phbalReg_Stub.o (SpiChnGetS)
c:/program files (x86)/microchip/xc32/v1.33/bin/bin/../../lib/gcc/pic32mx/4.5.2/../../../../pic32mx/lib\libmchp_peripheral_32MX795F512L.a(spi_chn_putc_lib.o)
                              build/default/production/_ext/1071406310/phbalReg_Stub.o (SpiChnPutC)
c:/program files (x86)/microchip/xc32/v1.33/bin/bin/../../lib/gcc/pic32mx/4.5.2/../../../../pic32mx/lib\libmchp_peripheral_32MX795F512L.a(spi_map_tbl_libp.o)
                              c:/program files (x86)/microchip/xc32/v1.33/bin/bin/../../lib/gcc/pic32mx/4.5.2/../../../../pic32mx/lib\libmchp_peripheral_32MX795F512L.a(spi_chn_getc_lib.o) (_SpiMapTbl)
c:/program files (x86)/microchip/xc32/v1.33/bin/bin/../../lib/gcc/pic32mx/4.5.2\libgcc.a(floatunsisf.o)
                              build/default/production/_ext/632289455/phhalHw_Rc663.o (__floatunsisf)
c:/program files (x86)/microchip/xc32/v1.33/bin/bin/../../lib/gcc/pic32mx/4.5.2/../../../../pic32mx/lib\libpic32.a(memcpy.o)
                              build/default/production/_ext/1755563796/phalSli_Sw.o (memcpy)
c:/program files (x86)/microchip/xc32/v1.33/bin/bin/../../lib/gcc/pic32mx/4.5.2/../../../../pic32mx/lib\libpic32.a(memset.o)
                              build/default/production/_ext/632289455/phhalHw_Rc663_Int.o (memset)
c:/program files (x86)/microchip/xc32/v1.33/bin/bin/../../lib/gcc/pic32mx/4.5.2/../../../../pic32mx/lib\libpic32.a(strcpy.o)
                              build/default/production/_ext/1420065484/icode_sli_ui.o (strcpy)
c:/program files (x86)/microchip/xc32/v1.33/bin/bin/../../lib/gcc/pic32mx/4.5.2/../../../../pic32mx/lib\libpic32.a(default-bootstrap-exception-handler.o)
                              c:/program files (x86)/microchip/xc32/v1.33/bin/bin/../../lib/gcc/pic32mx/4.5.2/../../../../pic32mx/lib/./proc/32MX795F512L/crt0_mips32r2.o (_bootstrap_exception_handler)
c:/program files (x86)/microchip/xc32/v1.33/bin/bin/../../lib/gcc/pic32mx/4.5.2/../../../../pic32mx/lib\libpic32.a(default-on-reset.o)
                              c:/program files (x86)/microchip/xc32/v1.33/bin/bin/../../lib/gcc/pic32mx/4.5.2/../../../../pic32mx/lib/./proc/32MX795F512L/crt0_mips32r2.o (_on_reset)
c:/program files (x86)/microchip/xc32/v1.33/bin/bin/../../lib/gcc/pic32mx/4.5.2/../../../../pic32mx/lib\libpic32.a(default-on-bootstrap.o)
                              c:/program files (x86)/microchip/xc32/v1.33/bin/bin/../../lib/gcc/pic32mx/4.5.2/../../../../pic32mx/lib/./proc/32MX795F512L/crt0_mips32r2.o (_on_bootstrap)
c:/program files (x86)/microchip/xc32/v1.33/bin/bin/../../lib/gcc/pic32mx/4.5.2/../../../../pic32mx/lib\libpic32.a(default-nmi-handler.o)
                              c:/program files (x86)/microchip/xc32/v1.33/bin/bin/../../lib/gcc/pic32mx/4.5.2/../../../../pic32mx/lib/./proc/32MX795F512L/crt0_mips32r2.o (_nmi_handler)
c:/program files (x86)/microchip/xc32/v1.33/bin/bin/../../lib/gcc/pic32mx/4.5.2/../../../../pic32mx/lib\libpic32.a(general-exception.o)
                              c:/program files (x86)/microchip/xc32/v1.33/bin/bin/../../lib/gcc/pic32mx/4.5.2/../../../../pic32mx/lib/./proc/32MX795F512L/crt0_mips32r2.o (_general_exception_context)
c:/program files (x86)/microchip/xc32/v1.33/bin/bin/../../lib/gcc/pic32mx/4.5.2/../../../../pic32mx/lib\libpic32.a(vector0.o)
                              c:/program files (x86)/microchip/xc32/v1.33/bin/bin/../../lib/gcc/pic32mx/4.5.2/../../../../pic32mx/lib/./proc/32MX795F512L\default_isr_vectors.o (__vector_dispatch_0)
c:/program files (x86)/microchip/xc32/v1.33/bin/bin/../../lib/gcc/pic32mx/4.5.2/../../../../pic32mx/lib\libpic32.a(vector1.o)
                              c:/program files (x86)/microchip/xc32/v1.33/bin/bin/../../lib/gcc/pic32mx/4.5.2/../../../../pic32mx/lib/./proc/32MX795F512L\default_isr_vectors.o (__vector_dispatch_1)
c:/program files (x86)/microchip/xc32/v1.33/bin/bin/../../lib/gcc/pic32mx/4.5.2/../../../../pic32mx/lib\libpic32.a(vector2.o)
                              c:/program files (x86)/microchip/xc32/v1.33/bin/bin/../../lib/gcc/pic32mx/4.5.2/../../../../pic32mx/lib/./proc/32MX795F512L\default_isr_vectors.o (__vector_dispatch_2)
c:/program files (x86)/microchip/xc32/v1.33/bin/bin/../../lib/gcc/pic32mx/4.5.2/../../../../pic32mx/lib\libpic32.a(vector3.o)
[...]
Memory Configuration

Name             Origin             Length             Attributes
kseg0_program_mem 0x9d000000         0x00080000         xr
kseg0_boot_mem   0x9fc00490         0x00000970
exception_mem    0x9fc01000         0x00001000
kseg1_boot_mem   0xbfc00000         0x00000490
debug_exec_mem   0xbfc02000         0x00000ff0
config3          0xbfc02ff0         0x00000004
config2          0xbfc02ff4         0x00000004
config1          0xbfc02ff8         0x00000004
config0          0xbfc02ffc         0x00000004
kseg1_data_mem   0xa0000000         0x00020000         w !x
sfrs             0xbf800000         0x00100000
configsfrs       0xbfc02ff0         0x00000010
*default*        0x00000000         0xffffffff

Linker script and memory map

LOAD c:/program files (x86)/microchip/xc32/v1.33/bin/bin/../../lib/gcc/pic32mx/4.5.2/../../../../pic32mx/lib/./proc/32MX795F512L/crt0_mips32r2.o
LOAD c:/program files (x86)/microchip/xc32/v1.33/bin/bin/../../lib/gcc/pic32mx/4.5.2/../../../../pic32mx/lib\debug-exception-return.o
LOAD build/default/production/_ext/226416843/phalI15693_Sw.o
LOAD build/default/production/_ext/1543058690/phalI15693.o
LOAD build/default/production/_ext/841433201/phalI18000p3m3_Sw.o
LOAD build/default/production/_ext/841433201/phalI18000p3m3_Sw_Int.o
LOAD build/default/production/_ext/1083465500/phalI18000p3m3.o
LOAD build/default/production/_ext/1755563796/phalSli_Sw.o
LOAD build/default/production/_ext/192958335/phalSli.o
LOAD build/default/production/_ext/1147107305/phbalReg.o
LOAD build/default/production/_ext/632289455/phhalHw_Rc663.o
LOAD build/default/production/_ext/632289455/phhalHw_Rc663_Cmd.o
LOAD build/default/production/_ext/632289455/phhalHw_Rc663_Int.o
LOAD build/default/production/_ext/632289455/phhalHw_Rc663_Wait.o
LOAD build/default/production/_ext/1870330116/phhalHw.o
LOAD build/default/production/_ext/424603049/phOsal_Nortos.o
LOAD build/default/production/_ext/521443061/phpalI18000p3m3_Sw.o
LOAD build/default/production/_ext/2062512958/phpalI18000p3m3.o
LOAD build/default/production/_ext/1962118174/phpalSli15693_Sw.o
LOAD build/default/production/_ext/75335025/phpalSli15693.o
LOAD build/default/production/_ext/2056939211/phTools.o
LOAD build/default/production/_ext/1420065484/icode_common.o
LOAD build/default/production/_ext/1420065484/icode_ilt_commands.o
LOAD build/default/production/_ext/1420065484/icode_ilt_ui.o
LOAD build/default/production/_ext/1420065484/icode_sli_commands.o
LOAD build/default/production/_ext/1420065484/icode_sli_ui.o
LOAD build/default/production/_ext/1420065484/main.o
LOAD build/default/production/_ext/1071406310/phbalReg_Stub.o
LOAD build/default/production/_ext/1071406310/phOsal_Lpc17xx_Int.o
LOAD build/default/production/_ext/1071406310/phPlatform.o
LOAD build/default/production/_ext/1360900855/phhwConfig.o
LOAD build/default/production/main.o
                0x00000001                __MPLAB_BUILD = 0x1
LOAD c:/program files (x86)/microchip/xc32/v1.33/bin/bin/../../lib/gcc/pic32mx/4.5.2/../../../../pic32mx/lib/./proc/32MX795F512L\default_isr_vectors.o
LOAD c:/program files (x86)/microchip/xc32/v1.33/bin/bin/../../lib/gcc/pic32mx/4.5.2/../../../../pic32mx/lib\pic32_software_reset.o
                0x00000400                PROVIDE (_min_stack_size, 0x400)
LOAD c:/program files (x86)/microchip/xc32/v1.33/bin/bin/../../lib/gcc/pic32mx/4.5.2/../../../../pic32mx/lib/./proc/32MX795F512L\processor.o
START GROUP
LOAD c:/program files (x86)/microchip/xc32/v1.33/bin/bin/../../lib/gcc/pic32mx/4.5.2/../../../../pic32mx/lib\libmchp_peripheral.a
END GROUP
START GROUP
LOAD c:/program files (x86)/microchip/xc32/v1.33/bin/bin/../../lib/gcc/pic32mx/4.5.2/../../../../pic32mx/lib\libmchp_peripheral_32MX795F512L.a
END GROUP
                0x00000001                PROVIDE (_vector_spacing, 0x1)
                0x9fc01000                _ebase_address = 0x9fc01000
                0xbfc00000                _RESET_ADDR = 0xbfc00000
                0xbfc00380                _BEV_EXCPT_ADDR = 0xbfc00380
                0xbfc00480                _DBG_EXCPT_ADDR = 0xbfc00480
                0xbfc02000                _DBG_CODE_ADDR = 0xbfc02000
                0x00000ff0                _DBG_CODE_SIZE = 0xff0
                0x9fc01180                _GEN_EXCPT_ADDR = (_ebase_address + 0x180)

.config_BFC02FF0
 *(.config_BFC02FF0)

.config_BFC02FF4
 *(.config_BFC02FF4)

.config_BFC02FF8
 *(.config_BFC02FF8)

.config_BFC02FFC
 *(.config_BFC02FFC)
                0xbfc02000                PROVIDE (_DBG_CODE_ADDR, 0xbfc02000)
                0x00000ff0                PROVIDE (_DBG_CODE_SIZE, 0xff0)

.reset          0xbfc00000      0x1f0
 *(.reset)
 .reset         0xbfc00000        0x8 c:/program files (x86)/microchip/xc32/v1.33/bin/bin/../../lib/gcc/pic32mx/4.5.2/../../../../pic32mx/lib/./proc/32MX795F512L/crt0_mips32r2.o
                0xbfc00000                _reset
 *(.reset.startup)
 .reset.startup
                0xbfc00008      0x1e8 c:/program files (x86)/microchip/xc32/v1.33/bin/bin/../../lib/gcc/pic32mx/4.5.2/../../../../pic32mx/lib/./proc/32MX795F512L/crt0_mips32r2.o

.bev_excpt      0xbfc00380       0x10
 *(.bev_handler)
 .bev_handler   0xbfc00380       0x10 c:/program files (x86)/microchip/xc32/v1.33/bin/bin/../../lib/gcc/pic32mx/4.5.2/../../../../pic32mx/lib/./proc/32MX795F512L/crt0_mips32r2.o

.dbg_excpt      0xbfc00480        0x0
                0xbfc00480                . = (. + DEFINED (_DEBUGGER)?0x8:0x0)

.dbg_code       0xbfc02000        0x0
                0xbfc02000                . = (. + DEFINED (_DEBUGGER)?_DBG_CODE_SIZE:0x0)

.app_excpt      0x9fc01180       0x10
 *(.gen_handler)
 .gen_handler   0x9fc01180       0x10 c:/program files (x86)/microchip/xc32/v1.33/bin/bin/../../lib/gcc/pic32mx/4.5.2/../../../../pic32mx/lib/./proc/32MX795F512L/crt0_mips32r2.o

.vector_0       0x9fc01200        0x8
 *(.vector_0)
 .vector_0      0x9fc01200        0x8 c:/program files (x86)/microchip/xc32/v1.33/bin/bin/../../lib/gcc/pic32mx/4.5.2/../../../../pic32mx/lib\libpic32.a(vector0.o)
                0x9fc01200                __vector_dispatch_0
                0x00000001                ASSERT (((_vector_spacing == 0x0) || (SIZEOF (.vector_0) <= (_vector_spacing << 0x5))), function at exception vector 0 too large)

.vector_1       0x9fc01220        0x8
 *(.vector_1)
 .vector_1      0x9fc01220        0x8 c:/program files (x86)/microchip/xc32/v1.33/bin/bin/../../lib/gcc/pic32mx/4.5.2/../../../../pic32mx/lib\libpic32.a(vector1.o)
                0x9fc01220                __vector_dispatch_1
                0x00000001                ASSERT (((_vector_spacing == 0x0) || (SIZEOF (.vector_1) <= (_vector_spacing << 0x5))), function at exception vector 1 too large)

.vector_2       0x9fc01240        0x8
 *(.vector_2)
 .vector_2      0x9fc01240        0x8 c:/program files (x86)/microchip/xc32/v1.33/bin/bin/../../lib/gcc/pic32mx/4.5.2/../../../../pic32mx/lib\libpic32.a(vector2.o)
                0x9fc01240                __vector_dispatch_2
                0x00000001                ASSERT (((_vector_spacing == 0x0) || (SIZEOF (.vector_2) <= (_vector_spacing << 0x5))), function at exception vector 2 too large)

.vector_3       0x9fc01260        0x8
 *(.vector_3)
 .vector_3      0x9fc01260        0x8 c:/program files (x86)/microchip/xc32/v1.33/bin/bin/../../lib/gcc/pic32mx/4.5.2/../../../../pic32mx/lib\libpic32.a(vector3.o)
                0x9fc01260                __vector_dispatch_3
                0x00000001                ASSERT (((_vector_spacing == 0x0) || (SIZEOF (.vector_3) <= (_vector_spacing << 0x5))), function at exception vector 3 too large)

.vector_4       0x9fc01280        0x8
 *(.vector_4)
 .vector_4      0x9fc01280        0x8 c:/program files (x86)/microchip/xc32/v1.33/bin/bin/../../lib/gcc/pic32mx/4.5.2/../../../../pic32mx/lib\libpic32.a(vector4.o)
                0x9fc01280                __vector_dispatch_4
                0x00000001                ASSERT (((_vector_spacing == 0x0) || (SIZEOF (.vector_4) <= (_vector_spacing << 0x5))), function at exception vector 4 too large)

.vector_5       0x9fc012a0        0x8
 *(.vector_5)
 .vector_5      0x9fc012a0        0x8 c:/program files (x86)/microchip/xc32/v1.33/bin/bin/../../lib/gcc/pic32mx/4.5.2/../../../../pic32mx/lib\libpic32.a(vector5.o)
                0x9fc012a0                __vector_dispatch_5
                0x00000001                ASSERT (((_vector_spacing == 0x0) || (SIZEOF (.vector_5) <= (_vector_spacing << 0x5))), function at exception vector 5 too large)

.vector_6       0x9fc012c0        0x8
 *(.vector_6)
 .vector_6      0x9fc012c0        0x8 c:/program files (x86)/microchip/xc32/v1.33/bin/bin/../../lib/gcc/pic32mx/4.5.2/../../../../pic32mx/lib\libpic32.a(vector6.o)
                0x9fc012c0                __vector_dispatch_6
                0x00000001                ASSERT (((_vector_spacing == 0x0) || (SIZEOF (.vector_6) <= (_vector_spacing << 0x5))), function at exception vector 6 too large)

.vector_7       0x9fc012e0        0x8
 *(.vector_7)
 .vector_7      0x9fc012e0        0x8 c:/program files (x86)/microchip/xc32/v1.33/bin/bin/../../lib/gcc/pic32mx/4.5.2/../../../../pic32mx/lib\libpic32.a(vector7.o)
                0x9fc012e0                __vector_dispatch_7
                0x00000001                ASSERT (((_vector_spacing == 0x0) || (SIZEOF (.vector_7) <= (_vector_spacing << 0x5))), function at exception vector 7 too large)

.vector_8       0x9fc01300        0x8
 *(.vector_8)
 .vector_8      0x9fc01300        0x8 c:/program files (x86)/microchip/xc32/v1.33/bin/bin/../../lib/gcc/pic32mx/4.5.2/../../../../pic32mx/lib\libpic32.a(vector8.o)
                0x9fc01300                __vector_dispatch_8
                0x00000001                ASSERT (((_vector_spacing == 0x0) || (SIZEOF (.vector_8) <= (_vector_spacing << 0x5))), function at exception vector 8 too large)

.vector_9       0x9fc01320        0x8
 *(.vector_9)
 .vector_9      0x9fc01320        0x8 c:/program files (x86)/microchip/xc32/v1.33/bin/bin/../../lib/gcc/pic32mx/4.5.2/../../../../pic32mx/lib\libpic32.a(vector9.o)
                0x9fc01320                __vector_dispatch_9
                0x00000001                ASSERT (((_vector_spacing == 0x0) || (SIZEOF (.vector_9) <= (_vector_spacing << 0x5))), function at exception vector 9 too large)

.vector_10      0x9fc01340        0x8
 *(.vector_10)
 .vector_10     0x9fc01340        0x8 c:/program files (x86)/microchip/xc32/v1.33/bin/bin/../../lib/gcc/pic32mx/4.5.2/../../../../pic32mx/lib\libpic32.a(vector10.o)
                0x9fc01340                __vector_dispatch_10
                0x00000001                ASSERT (((_vector_spacing == 0x0) || (SIZEOF (.vector_10) <= (_vector_spacing << 0x5))), function at exception vector 10 too large)

.vector_11      0x9fc01360        0x8
 *(.vector_11)
 .vector_11     0x9fc01360        0x8 c:/program files (x86)/microchip/xc32/v1.33/bin/bin/../../lib/gcc/pic32mx/4.5.2/../../../../pic32mx/lib\libpic32.a(vector11.o)
                0x9fc01360                __vector_dispatch_11
                0x00000001                ASSERT (((_vector_spacing == 0x0) || (SIZEOF (.vector_11) <= (_vector_spacing << 0x5))), function at exception vector 11 too large)

.vector_12      0x9fc01380        0x8
 *(.vector_12)
 .vector_12     0x9fc01380        0x8 c:/program files (x86)/microchip/xc32/v1.33/bin/bin/../../lib/gcc/pic32mx/4.5.2/../../../../pic32mx/lib\libpic32.a(vector12.o)
                0x9fc01380                __vector_dispatch_12
                0x00000001                ASSERT (((_vector_spacing == 0x0) || (SIZEOF (.vector_12) <= (_vector_spacing << 0x5))), function at exception vector 12 too large)

.vector_13      0x9fc013a0        0x8
 *(.vector_13)
 .vector_13     0x9fc013a0        0x8 c:/program files (x86)/microchip/xc32/v1.33/bin/bin/../../lib/gcc/pic32mx/4.5.2/../../../../pic32mx/lib\libpic32.a(vector13.o)
                0x9fc013a0                __vector_dispatch_13
                0x00000001                ASSERT (((_vector_spacing == 0x0) || (SIZEOF (.vector_13) <= (_vector_spacing << 0x5))), function at exception vector 13 too large)

.vector_14      0x9fc013c0        0x8
 *(.vector_14)
 .vector_14     0x9fc013c0        0x8 c:/program files (x86)/microchip/xc32/v1.33/bin/bin/../../lib/gcc/pic32mx/4.5.2/../../../../pic32mx/lib\libpic32.a(vector14.o)
                0x9fc013c0                __vector_dispatch_14
                0x00000001                ASSERT (((_vector_spacing == 0x0) || (SIZEOF (.vector_14) <= (_vector_spacing << 0x5))), function at exception vector 14 too large)

.vector_15      0x9fc013e0        0x8
 *(.vector_15)
 .vector_15     0x9fc013e0        0x8 c:/program files (x86)/microchip/xc32/v1.33/bin/bin/../../lib/gcc/pic32mx/4.5.2/../../../../pic32mx/lib\libpic32.a(vector15.o)
                0x9fc013e0                __vector_dispatch_15
                0x00000001                ASSERT (((_vector_spacing == 0x0) || (SIZEOF (.vector_15) <= (_vector_spacing << 0x5))), function at exception vector 15 too large)

.vector_16      0x9fc01400        0x8
 *(.vector_16)
 .vector_16     0x9fc01400        0x8 c:/program files (x86)/microchip/xc32/v1.33/bin/bin/../../lib/gcc/pic32mx/4.5.2/../../../../pic32mx/lib\libpic32.a(vector16.o)
                0x9fc01400                __vector_dispatch_16
                0x00000001                ASSERT (((_vector_spacing == 0x0) || (SIZEOF (.vector_16) <= (_vector_spacing << 0x5))), function at exception vector 16 too large)

.vector_17      0x9fc01420        0x8
 *(.vector_17)
 .vector_17     0x9fc01420        0x8 c:/program files (x86)/microchip/xc32/v1.33/bin/bin/../../lib/gcc/pic32mx/4.5.2/../../../../pic32mx/lib\libpic32.a(vector17.o)
                0x9fc01420                __vector_dispatch_17
                0x00000001                ASSERT (((_vector_spacing == 0x0) || (SIZEOF (.vector_17) <= (_vector_spacing << 0x5))), function at exception vector 17 too large)

.vector_18      0x9fc01440        0x8
 *(.vector_18)
 .vector_18     0x9fc01440        0x8 c:/program files (x86)/microchip/xc32/v1.33/bin/bin/../../lib/gcc/pic32mx/4.5.2/../../../../pic32mx/lib\libpic32.a(vector18.o)
                0x9fc01440                __vector_dispatch_18
                0x00000001                ASSERT (((_vector_spacing == 0x0) || (SIZEOF (.vector_18) <= (_vector_spacing << 0x5))), function at exception vector 18 too large)

.vector_19      0x9fc01460        0x8
 *(.vector_19)
 .vector_19     0x9fc01460        0x8 c:/program files (x86)/microchip/xc32/v1.33/bin/bin/../../lib/gcc/pic32mx/4.5.2/../../../../pic32mx/lib\libpic32.a(vector19.o)
                0x9fc01460                __vector_dispatch_19
                0x00000001                ASSERT (((_vector_spacing == 0x0) || (SIZEOF (.vector_19) <= (_vector_spacing << 0x5))), function at exception vector 19 too large)

.vector_20      0x9fc01480        0x8
 *(.vector_20)
 .vector_20     0x9fc01480        0x8 c:/program files (x86)/microchip/xc32/v1.33/bin/bin/../../lib/gcc/pic32mx/4.5.2/../../../../pic32mx/lib\libpic32.a(vector20.o)
                0x9fc01480                __vector_dispatch_20
                0x00000001                ASSERT (((_vector_spacing == 0x0) || (SIZEOF (.vector_20) <= (_vector_spacing << 0x5))), function at exception vector 20 too large)

.vector_21      0x9fc014a0        0x8
 *(.vector_21)
 .vector_21     0x9fc014a0        0x8 c:/program files (x86)/microchip/xc32/v1.33/bin/bin/../../lib/gcc/pic32mx/4.5.2/../../../../pic32mx/lib\libpic32.a(vector21.o)
                0x9fc014a0                __vector_dispatch_21
                0x00000001                ASSERT (((_vector_spacing == 0x0) || (SIZEOF (.vector_21) <= (_vector_spacing << 0x5))), function at exception vector 21 too large)

.vector_22      0x9fc014c0        0x8
 *(.vector_22)
 .vector_22     0x9fc014c0        0x8 c:/program files (x86)/microchip/xc32/v1.33/bin/bin/../../lib/gcc/pic32mx/4.5.2/../../../../pic32mx/lib\libpic32.a(vector22.o)
                0x9fc014c0                __vector_dispatch_22
                0x00000001                ASSERT (((_vector_spacing == 0x0) || (SIZEOF (.vector_22) <= (_vector_spacing << 0x5))), function at exception vector 22 too large)

.vector_23      0x9fc014e0        0x8
 *(.vector_23)
 .vector_23     0x9fc014e0        0x8 c:/program files (x86)/microchip/xc32/v1.33/bin/bin/../../lib/gcc/pic32mx/4.5.2/../../../../pic32mx/lib\libpic32.a(vector23.o)
                0x9fc014e0                __vector_dispatch_23
                0x00000001                ASSERT (((_vector_spacing == 0x0) || (SIZEOF (.vector_23) <= (_vector_spacing << 0x5))), function at exception vector 23 too large)

.vector_24      0x9fc01500        0x8
 *(.vector_24)
 .vector_24     0x9fc01500        0x8 c:/program files (x86)/microchip/xc32/v1.33/bin/bin/../../lib/gcc/pic32mx/4.5.2/../../../../pic32mx/lib\libpic32.a(vector24.o)
                0x9fc01500                __vector_dispatch_24
                0x00000001                ASSERT (((_vector_spacing == 0x0) || (SIZEOF (.vector_24) <= (_vector_spacing << 0x5))), function at exception vector 24 too large)

.vector_25      0x9fc01520        0x8
 *(.vector_25)
 .vector_25     0x9fc01520        0x8 c:/program files (x86)/microchip/xc32/v1.33/bin/bin/../../lib/gcc/pic32mx/4.5.2/../../../../pic32mx/lib\libpic32.a(vector25.o)
                0x9fc01520                __vector_dispatch_25
                0x00000001                ASSERT (((_vector_spacing == 0x0) || (SIZEOF (.vector_25) <= (_vector_spacing << 0x5))), function at exception vector 25 too large)

.vector_26      0x9fc01540        0x8
 *(.vector_26)
 .vector_26     0x9fc01540        0x8 c:/program files (x86)/microchip/xc32/v1.33/bin/bin/../../lib/gcc/pic32mx/4.5.2/../../../../pic32mx/lib\libpic32.a(vector26.o)
                0x9fc01540                __vector_dispatch_26
                0x00000001                ASSERT (((_vector_spacing == 0x0) || (SIZEOF (.vector_26) <= (_vector_spacing << 0x5))), function at exception vector 26 too large)

.vector_27      0x9fc01560        0x8
 *(.vector_27)
 .vector_27     0x9fc01560        0x8 c:/program files (x86)/microchip/xc32/v1.33/bin/bin/../../lib/gcc/pic32mx/4.5.2/../../../../pic32mx/lib\libpic32.a(vector27.o)
                0x9fc01560                __vector_dispatch_27
                0x00000001                ASSERT (((_vector_spacing == 0x0) || (SIZEOF (.vector_27) <= (_vector_spacing << 0x5))), function at exception vector 27 too large)

.vector_28      0x9fc01580        0x8
 *(.vector_28)
 .vector_28     0x9fc01580        0x8 c:/program files (x86)/microchip/xc32/v1.33/bin/bin/../../lib/gcc/pic32mx/4.5.2/../../../../pic32mx/lib\libpic32.a(vector28.o)
                0x9fc01580                __vector_dispatch_28
                0x00000001                ASSERT (((_vector_spacing == 0x0) || (SIZEOF (.vector_28) <= (_vector_spacing << 0x5))), function at exception vector 28 too large)

.vector_29      0x9fc015a0        0x8
 *(.vector_29)
 .vector_29     0x9fc015a0        0x8 c:/program files (x86)/microchip/xc32/v1.33/bin/bin/../../lib/gcc/pic32mx/4.5.2/../../../../pic32mx/lib\libpic32.a(vector29.o)
                0x9fc015a0                __vector_dispatch_29
                0x00000001                ASSERT (((_vector_spacing == 0x0) || (SIZEOF (.vector_29) <= (_vector_spacing << 0x5))), function at exception vector 29 too large)

.vector_30      0x9fc015c0        0x8
 *(.vector_30)
 .vector_30     0x9fc015c0        0x8 c:/program files (x86)/microchip/xc32/v1.33/bin/bin/../../lib/gcc/pic32mx/4.5.2/../../../../pic32mx/lib\libpic32.a(vector30.o)
                0x9fc015c0                __vector_dispatch_30
                0x00000001                ASSERT (((_vector_spacing == 0x0) || (SIZEOF (.vector_30) <= (_vector_spacing << 0x5))), function at exception vector 30 too large)

.vector_31      0x9fc015e0        0x8
 *(.vector_31)
 .vector_31     0x9fc015e0        0x8 c:/program files (x86)/microchip/xc32/v1.33/bin/bin/../../lib/gcc/pic32mx/4.5.2/../../../../pic32mx/lib\libpic32.a(vector31.o)
                0x9fc015e0                __vector_dispatch_31
                0x00000001                ASSERT (((_vector_spacing == 0x0) || (SIZEOF (.vector_31) <= (_vector_spacing << 0x5))), function at exception vector 31 too large)

.vector_32      0x9fc01600        0x8
 *(.vector_32)
 .vector_32     0x9fc01600        0x8 c:/program files (x86)/microchip/xc32/v1.33/bin/bin/../../lib/gcc/pic32mx/4.5.2/../../../../pic32mx/lib\libpic32.a(vector32.o)
                0x9fc01600                __vector_dispatch_32
                0x00000001                ASSERT (((_vector_spacing == 0x0) || (SIZEOF (.vector_32) <= (_vector_spacing << 0x5))), function at exception vector 32 too large)

.vector_33      0x9fc01620        0x8
 *(.vector_33)
 .vector_33     0x9fc01620        0x8 c:/program files (x86)/microchip/xc32/v1.33/bin/bin/../../lib/gcc/pic32mx/4.5.2/../../../../pic32mx/lib\libpic32.a(vector33.o)
                0x9fc01620                __vector_dispatch_33
                0x00000001                ASSERT (((_vector_spacing == 0x0) || (SIZEOF (.vector_33) <= (_vector_spacing << 0x5))), function at exception vector 33 too large)

.vector_34      0x9fc01640        0x8
 *(.vector_34)
 .vector_34     0x9fc01640        0x8 c:/program files (x86)/microchip/xc32/v1.33/bin/bin/../../lib/gcc/pic32mx/4.5.2/../../../../pic32mx/lib\libpic32.a(vector34.o)
                0x9fc01640                __vector_dispatch_34
                0x00000001                ASSERT (((_vector_spacing == 0x0) || (SIZEOF (.vector_34) <= (_vector_spacing << 0x5))), function at exception vector 34 too large)

.vector_35      0x9fc01660        0x8
 *(.vector_35)
 .vector_35     0x9fc01660        0x8 c:/program files (x86)/microchip/xc32/v1.33/bin/bin/../../lib/gcc/pic32mx/4.5.2/../../../../pic32mx/lib\libpic32.a(vector35.o)
                0x9fc01660                __vector_dispatch_35
                0x00000001                ASSERT (((_vector_spacing == 0x0) || (SIZEOF (.vector_35) <= (_vector_spacing << 0x5))), function at exception vector 35 too large)

.vector_36      0x9fc01680        0x8
 *(.vector_36)
 .vector_36     0x9fc01680        0x8 c:/program files (x86)/microchip/xc32/v1.33/bin/bin/../../lib/gcc/pic32mx/4.5.2/../../../../pic32mx/lib\libpic32.a(vector36.o)
                0x9fc01680                __vector_dispatch_36
                0x00000001                ASSERT (((_vector_spacing == 0x0) || (SIZEOF (.vector_36) <= (_vector_spacing << 0x5))), function at exception vector 36 too large)

.vector_37      0x9fc016a0        0x8
 *(.vector_37)
 .vector_37     0x9fc016a0        0x8 c:/program files (x86)/microchip/xc32/v1.33/bin/bin/../../lib/gcc/pic32mx/4.5.2/../../../../pic32mx/lib\libpic32.a(vector37.o)
                0x9fc016a0                __vector_dispatch_37
                0x00000001                ASSERT (((_vector_spacing == 0x0) || (SIZEOF (.vector_37) <= (_vector_spacing << 0x5))), function at exception vector 37 too large)

.vector_38      0x9fc016c0        0x8
 *(.vector_38)
 .vector_38     0x9fc016c0        0x8 c:/program files (x86)/microchip/xc32/v1.33/bin/bin/../../lib/gcc/pic32mx/4.5.2/../../../../pic32mx/lib\libpic32.a(vector38.o)
                0x9fc016c0                __vector_dispatch_38
                0x00000001                ASSERT (((_vector_spacing == 0x0) || (SIZEOF (.vector_38) <= (_vector_spacing << 0x5))), function at exception vector 38 too large)

.vector_39      0x9fc016e0        0x8
 *(.vector_39)
 .vector_39     0x9fc016e0        0x8 c:/program files (x86)/microchip/xc32/v1.33/bin/bin/../../lib/gcc/pic32mx/4.5.2/../../../../pic32mx/lib\libpic32.a(vector39.o)
                0x9fc016e0                __vector_dispatch_39
                0x00000001                ASSERT (((_vector_spacing == 0x0) || (SIZEOF (.vector_39) <= (_vector_spacing << 0x5))), function at exception vector 39 too large)

.vector_40      0x9fc01700        0x8
 *(.vector_40)
 .vector_40     0x9fc01700        0x8 c:/program files (x86)/microchip/xc32/v1.33/bin/bin/../../lib/gcc/pic32mx/4.5.2/../../../../pic32mx/lib\libpic32.a(vector40.o)
                0x9fc01700                __vector_dispatch_40
                0x00000001                ASSERT (((_vector_spacing == 0x0) || (SIZEOF (.vector_40) <= (_vector_spacing << 0x5))), function at exception vector 40 too large)

.vector_41      0x9fc01720        0x8
 *(.vector_41)
 .vector_41     0x9fc01720        0x8 c:/program files (x86)/microchip/xc32/v1.33/bin/bin/../../lib/gcc/pic32mx/4.5.2/../../../../pic32mx/lib\libpic32.a(vector41.o)
                0x9fc01720                __vector_dispatch_41
                0x00000001                ASSERT (((_vector_spacing == 0x0) || (SIZEOF (.vector_41) <= (_vector_spacing << 0x5))), function at exception vector 41 too large)

.vector_42      0x9fc01740        0x8
 *(.vector_42)
 .vector_42     0x9fc01740        0x8 c:/program files (x86)/microchip/xc32/v1.33/bin/bin/../../lib/gcc/pic32mx/4.5.2/../../../../pic32mx/lib\libpic32.a(vector42.o)
                0x9fc01740                __vector_dispatch_42
                0x00000001                ASSERT (((_vector_spacing == 0x0) || (SIZEOF (.vector_42) <= (_vector_spacing << 0x5))), function at exception vector 42 too large)

.vector_43      0x9fc01760        0x8
 *(.vector_43)
 .vector_43     0x9fc01760        0x8 c:/program files (x86)/microchip/xc32/v1.33/bin/bin/../../lib/gcc/pic32mx/4.5.2/../../../../pic32mx/lib\libpic32.a(vector43.o)
                0x9fc01760                __vector_dispatch_43
                0x00000001                ASSERT (((_vector_spacing == 0x0) || (SIZEOF (.vector_43) <= (_vector_spacing << 0x5))), function at exception vector 43 too large)

.vector_44      0x9fc01780        0x8
 *(.vector_44)
 .vector_44     0x9fc01780        0x8 c:/program files (x86)/microchip/xc32/v1.33/bin/bin/../../lib/gcc/pic32mx/4.5.2/../../../../pic32mx/lib\libpic32.a(vector44.o)
                0x9fc01780                __vector_dispatch_44
                0x00000001                ASSERT (((_vector_spacing == 0x0) || (SIZEOF (.vector_44) <= (_vector_spacing << 0x5))), function at exception vector 44 too large)

.vector_45      0x9fc017a0        0x8
 *(.vector_45)
 .vector_45     0x9fc017a0        0x8 c:/program files (x86)/microchip/xc32/v1.33/bin/bin/../../lib/gcc/pic32mx/4.5.2/../../../../pic32mx/lib\libpic32.a(vector45.o)
                0x9fc017a0                __vector_dispatch_45
                0x00000001                ASSERT (((_vector_spacing == 0x0) || (SIZEOF (.vector_45) <= (_vector_spacing << 0x5))), function at exception vector 45 too large)

.vector_46      0x9fc017c0        0x8
 *(.vector_46)
 .vector_46     0x9fc017c0        0x8 c:/program files (x86)/microchip/xc32/v1.33/bin/bin/../../lib/gcc/pic32mx/4.5.2/../../../../pic32mx/lib\libpic32.a(vector46.o)
                0x9fc017c0                __vector_dispatch_46
                0x00000001                ASSERT (((_vector_spacing == 0x0) || (SIZEOF (.vector_46) <= (_vector_spacing << 0x5))), function at exception vector 46 too large)

.vector_47      0x9fc017e0        0x8
 *(.vector_47)
 .vector_47     0x9fc017e0        0x8 c:/program files (x86)/microchip/xc32/v1.33/bin/bin/../../lib/gcc/pic32mx/4.5.2/../../../../pic32mx/lib\libpic32.a(vector47.o)
                0x9fc017e0                __vector_dispatch_47
                0x00000001                ASSERT (((_vector_spacing == 0x0) || (SIZEOF (.vector_47) <= (_vector_spacing << 0x5))), function at exception vector 47 too large)

.vector_48      0x9fc01800        0x8
 *(.vector_48)
 .vector_48     0x9fc01800        0x8 c:/program files (x86)/microchip/xc32/v1.33/bin/bin/../../lib/gcc/pic32mx/4.5.2/../../../../pic32mx/lib\libpic32.a(vector48.o)
                0x9fc01800                __vector_dispatch_48
                0x00000001                ASSERT (((_vector_spacing == 0x0) || (SIZEOF (.vector_48) <= (_vector_spacing << 0x5))), function at exception vector 48 too large)

.vector_49      0x9fc01820        0x8
 *(.vector_49)
 .vector_49     0x9fc01820        0x8 c:/program files (x86)/microchip/xc32/v1.33/bin/bin/../../lib/gcc/pic32mx/4.5.2/../../../../pic32mx/lib\libpic32.a(vector49.o)
                0x9fc01820                __vector_dispatch_49
                0x00000001                ASSERT (((_vector_spacing == 0x0) || (SIZEOF (.vector_49) <= (_vector_spacing << 0x5))), function at exception vector 49 too large)

.vector_50      0x9fc01840        0x8
 *(.vector_50)
 .vector_50     0x9fc01840        0x8 c:/program files (x86)/microchip/xc32/v1.33/bin/bin/../../lib/gcc/pic32mx/4.5.2/../../../../pic32mx/lib\libpic32.a(vector50.o)
                0x9fc01840                __vector_dispatch_50
                0x00000001                ASSERT (((_vector_spacing == 0x0) || (SIZEOF (.vector_50) <= (_vector_spacing << 0x5))), function at exception vector 50 too large)

.vector_51      0x9fc01860        0x8
 *(.vector_51)
 .vector_51     0x9fc01860        0x8 c:/program files (x86)/microchip/xc32/v1.33/bin/bin/../../lib/gcc/pic32mx/4.5.2/../../../../pic32mx/lib\libpic32.a(vector51.o)
                0x9fc01860                __vector_dispatch_51
                0x00000001                ASSERT (((_vector_spacing == 0x0) || (SIZEOF (.vector_51) <= (_vector_spacing << 0x5))), function at exception vector 51 too large)

.vector_52      0x9fc01880        0x8
 *(.vector_52)
 .vector_52     0x9fc01880        0x8 c:/program files (x86)/microchip/xc32/v1.33/bin/bin/../../lib/gcc/pic32mx/4.5.2/../../../../pic32mx/lib\libpic32.a(vector52.o)
                0x9fc01880                __vector_dispatch_52
                0x00000001                ASSERT (((_vector_spacing == 0x0) || (SIZEOF (.vector_52) <= (_vector_spacing << 0x5))), function at exception vector 52 too large)

.vector_53      0x9fc018a0        0x8
 *(.vector_53)
 .vector_53     0x9fc018a0        0x8 c:/program files (x86)/microchip/xc32/v1.33/bin/bin/../../lib/gcc/pic32mx/4.5.2/../../../../pic32mx/lib\libpic32.a(vector53.o)
                0x9fc018a0                __vector_dispatch_53
                0x00000001                ASSERT (((_vector_spacing == 0x0) || (SIZEOF (.vector_53) <= (_vector_spacing << 0x5))), function at exception vector 53 too large)

.vector_54      0x9fc018c0        0x8
 *(.vector_54)
 .vector_54     0x9fc018c0        0x8 c:/program files (x86)/microchip/xc32/v1.33/bin/bin/../../lib/gcc/pic32mx/4.5.2/../../../../pic32mx/lib\libpic32.a(vector54.o)
                0x9fc018c0                __vector_dispatch_54
                0x00000001                ASSERT (((_vector_spacing == 0x0) || (SIZEOF (.vector_54) <= (_vector_spacing << 0x5))), function at exception vector 54 too large)

.vector_55      0x9fc018e0        0x8
 *(.vector_55)
 .vector_55     0x9fc018e0        0x8 c:/program files (x86)/microchip/xc32/v1.33/bin/bin/../../lib/gcc/pic32mx/4.5.2/../../../../pic32mx/lib\libpic32.a(vector55.o)
                0x9fc018e0                __vector_dispatch_55
                0x00000001                ASSERT (((_vector_spacing == 0x0) || (SIZEOF (.vector_55) <= (_vector_spacing << 0x5))), function at exception vector 55 too large)

.vector_56      0x9fc01900        0x8
 *(.vector_56)
 .vector_56     0x9fc01900        0x8 c:/program files (x86)/microchip/xc32/v1.33/bin/bin/../../lib/gcc/pic32mx/4.5.2/../../../../pic32mx/lib\libpic32.a(vector56.o)
                0x9fc01900                __vector_dispatch_56
                0x00000001                ASSERT (((_vector_spacing == 0x0) || (SIZEOF (.vector_56) <= (_vector_spacing << 0x5))), function at exception vector 56 too large)

.vector_57      0x9fc01920        0x8
 *(.vector_57)
 .vector_57     0x9fc01920        0x8 c:/program files (x86)/microchip/xc32/v1.33/bin/bin/../../lib/gcc/pic32mx/4.5.2/../../../../pic32mx/lib\libpic32.a(vector57.o)
                0x9fc01920                __vector_dispatch_57
                0x00000001                ASSERT (((_vector_spacing == 0x0) || (SIZEOF (.vector_57) <= (_vector_spacing << 0x5))), function at exception vector 57 too large)

.vector_58      0x9fc01940        0x8
 *(.vector_58)
 .vector_58     0x9fc01940        0x8 c:/program files (x86)/microchip/xc32/v1.33/bin/bin/../../lib/gcc/pic32mx/4.5.2/../../../../pic32mx/lib\libpic32.a(vector58.o)
                0x9fc01940                __vector_dispatch_58
                0x00000001                ASSERT (((_vector_spacing == 0x0) || (SIZEOF (.vector_58) <= (_vector_spacing << 0x5))), function at exception vector 58 too large)

.vector_59      0x9fc01960        0x8
 *(.vector_59)
 .vector_59     0x9fc01960        0x8 c:/program files (x86)/microchip/xc32/v1.33/bin/bin/../../lib/gcc/pic32mx/4.5.2/../../../../pic32mx/lib\libpic32.a(vector59.o)
                0x9fc01960                __vector_dispatch_59
                0x00000001                ASSERT (((_vector_spacing == 0x0) || (SIZEOF (.vector_59) <= (_vector_spacing << 0x5))), function at exception vector 59 too large)

.vector_60      0x9fc01980        0x8
 *(.vector_60)
 .vector_60     0x9fc01980        0x8 c:/program files (x86)/microchip/xc32/v1.33/bin/bin/../../lib/gcc/pic32mx/4.5.2/../../../../pic32mx/lib\libpic32.a(vector60.o)
                0x9fc01980                __vector_dispatch_60
                0x00000001                ASSERT (((_vector_spacing == 0x0) || (SIZEOF (.vector_60) <= (_vector_spacing << 0x5))), function at exception vector 60 too large)

.vector_61      0x9fc019a0        0x8
 *(.vector_61)
 .vector_61     0x9fc019a0        0x8 c:/program files (x86)/microchip/xc32/v1.33/bin/bin/../../lib/gcc/pic32mx/4.5.2/../../../../pic32mx/lib\libpic32.a(vector61.o)
                0x9fc019a0                __vector_dispatch_61
                0x00000001                ASSERT (((_vector_spacing == 0x0) || (SIZEOF (.vector_61) <= (_vector_spacing << 0x5))), function at exception vector 61 too large)

.vector_62      0x9fc019c0        0x8
 *(.vector_62)
 .vector_62     0x9fc019c0        0x8 c:/program files (x86)/microchip/xc32/v1.33/bin/bin/../../lib/gcc/pic32mx/4.5.2/../../../../pic32mx/lib\libpic32.a(vector62.o)
                0x9fc019c0                __vector_dispatch_62
                0x00000001                ASSERT (((_vector_spacing == 0x0) || (SIZEOF (.vector_62) <= (_vector_spacing << 0x5))), function at exception vector 62 too large)

.vector_63      0x9fc019e0        0x8
 *(.vector_63)
 .vector_63     0x9fc019e0        0x8 c:/program files (x86)/microchip/xc32/v1.33/bin/bin/../../lib/gcc/pic32mx/4.5.2/../../../../pic32mx/lib\libpic32.a(vector63.o)
                0x9fc019e0                __vector_dispatch_63
                0x00000001                ASSERT (((_vector_spacing == 0x0) || (SIZEOF (.vector_63) <= (_vector_spacing << 0x5))), function at exception vector 63 too large)

.startup
 *(.startup)

.text           0x9d000000        0x0
 *(.stub .gnu.linkonce.t.*)
 *(.text.*personality*)
 *(.mips16.fn.*)
 *(.mips16.call.*)
 *(.gnu.warning)
                0x9d000000                . = ALIGN (0x4)

.init           0x9d000000        0x0
 *crti.o(.init)
 *crtbegin.o(.init)
 *(EXCLUDE_FILE(*crtn.o *crtend?.o *crtend.o) .init)
 *crtend.o(.init)
 *crtn.o(.init)
                0x9d000000                . = ALIGN (0x4)

.fini           0x9d000000        0x0
 *(.fini)
                0x9d000000                . = ALIGN (0x4)

.preinit_array  0x9d000000        0x0
                0x9d000000                PROVIDE (__preinit_array_start, .)
 *(.preinit_array)
                0x9d000000                PROVIDE (__preinit_array_end, .)
                0x9d000000                . = ALIGN (0x4)

.init_array     0x9d000000        0x0
                0x9d000000                PROVIDE (__init_array_start, .)
 *(SORT(.init_array.*))
 *(.init_array)
                0x9d000000                PROVIDE (__init_array_end, .)
                0x9d000000                . = ALIGN (0x4)

.fini_array     0x9d000000        0x0
                0x9d000000                PROVIDE (__fini_array_start, .)
 *(SORT(.fini_array.*))
 *(.fini_array)
                0x9d000000                PROVIDE (__fini_array_end, .)
                0x9d000000                . = ALIGN (0x4)

.ctors          0x9d000000        0x0
 *crtbegin.o(.ctors)
 *crtbegin?.o(.ctors)
 *(EXCLUDE_FILE(*crtend?.o *crtend.o) .ctors)
 *(SORT(.ctors.*))
 *(.ctors)
                0x9d000000                . = ALIGN (0x4)

.dtors          0x9d000000        0x0
 *crtbegin.o(.dtors)
 *crtbegin?.o(.dtors)
 *(EXCLUDE_FILE(*crtend?.o *crtend.o) .dtors)
 *(SORT(.dtors.*))
 *(.dtors)
                0x9d000000                . = ALIGN (0x4)

.rodata         0x9d000000        0x0
 *(.gnu.linkonce.r.*)
 *(.rodata1)
                0x9d000000                . = ALIGN (0x4)

.sdata2         0x9fc00490        0x0
 *(.sdata2 .sdata2.* .gnu.linkonce.s2.*)
                0x9fc00490                . = ALIGN (0x4)

.sbss2          0x9fc00490        0x0
 *(.sbss2 .sbss2.* .gnu.linkonce.sb2.*)
                0x9fc00490                . = ALIGN (0x4)

.eh_frame_hdr
 *(.eh_frame_hdr)
                0x9fc00490                . = ALIGN (0x4)

.eh_frame
 *(.eh_frame)
                0x9fc00490                . = ALIGN (0x4)

.gcc_except_table
 *(.gcc_except_table .gcc_except_table.*)
                0x9fc00490                . = ALIGN (0x4)

.dbg_data       0xa0000000        0x0
                0xa0000000                . = (. + DEFINED (_DEBUGGER)?0x200:0x0)

.jcr            0xa0000000        0x0
 *(.jcr)
                0xa0000000                . = ALIGN (0x4)

.eh_frame       0xa0000000       0x30
 *(.eh_frame)
 .eh_frame      0xa0000000       0x20 c:/program files (x86)/microchip/xc32/v1.33/bin/bin/../../lib/gcc/pic32mx/4.5.2\libgcc.a(_udivdi3.o)
 .eh_frame      0xa0000020       0x10 c:/program files (x86)/microchip/xc32/v1.33/bin/bin/../../lib/gcc/pic32mx/4.5.2\libgcc.a(_umoddi3.o)
                0xa0000030                . = ALIGN (0x4)

.gcc_except_table
 *(.gcc_except_table .gcc_except_table.*)
                0xa0000030                . = ALIGN (0x4)

.persist        0xa0000030        0x0
                0xa0000030                _persist_begin = .
 *(.persist .persist.*)
 *(.pbss .pbss.*)
                0xa0000030                . = ALIGN (0x4)
                0xa0000030                _persist_end = .

.data           0xa0000030        0x0
 *(.gnu.linkonce.d.*)
 *(.data1)
                0xa0000030                . = ALIGN (0x4)
                0xa0000030                . = .
                0xa0008020                _gp = (ALIGN (0x10) + 0x7ff0)

.got            0xa0000030        0x0
 *(.got.plt)
 *(.got)
                0xa0000030                . = ALIGN (0x4)

.sdata          0xa0000030       0x20
                0xa0000030                _sdata_begin = .
 *(.sdata .sdata.* .gnu.linkonce.s.*)
 .sdata         0xa0000030       0x10 build/default/production/_ext/632289455/phhalHw_Rc663_Int.o
 .sdata         0xa0000040        0x8 build/default/production/_ext/424603049/phOsal_Nortos.o
 .sdata         0xa0000048        0x4 c:/program files (x86)/microchip/xc32/v1.33/bin/bin/../../lib/gcc/pic32mx/4.5.2/../../../../pic32mx/lib\libc.a(_iob.o)
                0xa0000048                _Files
 .sdata         0xa000004c        0x4 c:/program files (x86)/microchip/xc32/v1.33/bin/bin/../../lib/gcc/pic32mx/4.5.2/../../../../pic32mx/lib\libpic32.a(xc32_uart.o)
                0xa000004c                __XC_UART
                0xa0000050                . = ALIGN (0x4)
                0xa0000050                _sdata_end = .

.lit8
 *(.lit8)

.lit4
 *(.lit4)
                0xa0000050                . = ALIGN (0x4)
                0xa0000050                _data_end = .
                0xa0000050                _bss_begin = .

.sbss           0xa0000050       0x30
                0xa0000050                _sbss_begin = .
 *(.dynsbss)
 *(.sbss .sbss.* .gnu.linkonce.sb.*)
 .sbss          0xa0000050        0x8 build/default/production/_ext/424603049/phOsal_Nortos.o
 .sbss          0xa0000058       0x10 build/default/production/_ext/1420065484/icode_sli_commands.o
 .sbss          0xa0000068        0x4 build/default/production/_ext/1071406310/phOsal_Lpc17xx_Int.o
 .sbss          0xa000006c        0x1 c:/program files (x86)/microchip/xc32/v1.33/bin/bin/../../lib/gcc/pic32mx/4.5.2/../../../../pic32mx/lib\libc.a(_iob.o)
                0xa000006c                _outdone
 *fill*         0xa000006d        0x3 
 .sbss          0xa0000070        0x4 c:/program files (x86)/microchip/xc32/v1.33/bin/bin/../../lib/gcc/pic32mx/4.5.2/../../../../pic32mx/lib\libc.a(errno.o)
                0xa0000070                errno
 *(.scommon)
 .scommon       0xa0000074        0x9 build/default/production/_ext/1420065484/main.o
                0xa0000074                sBalReader
                0xa000007c                bString
                0xa000007d                _sbss_end = .
                0xa0000080                . = ALIGN (0x4)
 *fill*         0xa000007d        0x3 

.bss            0xa0000080      0x2a0
 *(.dynbss)
 *(COMMON)
 COMMON         0xa0000080      0x2a0 build/default/production/_ext/1420065484/main.o
                0xa0000080                bHalBufferTx
                0xa0000180                sPlatform
                0xa00001b4                bHalBufferRx
                0xa00002b4                sHalReader
                0xa0000320                . = ALIGN ((. != 0x0)?0x4:0x1)
                0xa0000320                . = ALIGN (0x4)
                0xa0000320                _end = .
                0xa0000320                _bss_end = .
                0x00020000                _bmxdudba_address = 0x20000
                0x00020000                _bmxdupba_address = 0x20000

/DISCARD/
 *(.pdr)
 *(.rel.dyn)
 *(.note.GNU-stack)
 *(.note.GNU-stack)
 *(.gnu_debuglink)
 *(.gnu.lto_*)
 *(.discard)

.gptab.sdata
 *(.gptab.data)
 *(.gptab.sdata)

.gptab.sbss
 *(.gptab.bss)
 *(.gptab.sbss)

.mdebug.abi32   0xa0000320        0x0
 *(.mdebug.abi32)
 .mdebug.abi32  0xa0000320        0x0 build/default/production/_ext/226416843/phalI15693_Sw.o
 .mdebug.abi32  0xa0000320        0x0 build/default/production/_ext/1543058690/phalI15693.o
 .mdebug.abi32  0xa0000320        0x0 build/default/production/_ext/841433201/phalI18000p3m3_Sw.o
 .mdebug.abi32  0xa0000320        0x0 build/default/production/_ext/841433201/phalI18000p3m3_Sw_Int.o
 .mdebug.abi32  0xa0000320        0x0 build/default/production/_ext/1083465500/phalI18000p3m3.o
 .mdebug.abi32  0xa0000320        0x0 build/default/production/_ext/1755563796/phalSli_Sw.o
 .mdebug.abi32  0xa0000320        0x0 build/default/production/_ext/192958335/phalSli.o
 .mdebug.abi32  0xa0000320        0x0 build/default/production/_ext/1147107305/phbalReg.o
 .mdebug.abi32  0xa0000320        0x0 build/default/production/_ext/632289455/phhalHw_Rc663.o
 .mdebug.abi32  0xa0000320        0x0 build/default/production/_ext/632289455/phhalHw_Rc663_Cmd.o
 .mdebug.abi32  0xa0000320        0x0 build/default/production/_ext/632289455/phhalHw_Rc663_Int.o
 .mdebug.abi32  0xa0000320        0x0 build/default/production/_ext/632289455/phhalHw_Rc663_Wait.o
 .mdebug.abi32  0xa0000320        0x0 build/default/production/_ext/1870330116/phhalHw.o
 .mdebug.abi32  0xa0000320        0x0 build/default/production/_ext/424603049/phOsal_Nortos.o
 .mdebug.abi32  0xa0000320        0x0 build/default/production/_ext/521443061/phpalI18000p3m3_Sw.o
 .mdebug.abi32  0xa0000320        0x0 build/default/production/_ext/2062512958/phpalI18000p3m3.o
 .mdebug.abi32  0xa0000320        0x0 build/default/production/_ext/1962118174/phpalSli15693_Sw.o
 .mdebug.abi32  0xa0000320        0x0 build/default/production/_ext/75335025/phpalSli15693.o
 .mdebug.abi32  0xa0000320        0x0 build/default/production/_ext/2056939211/phTools.o
 .mdebug.abi32  0xa0000320        0x0 build/default/production/_ext/1420065484/icode_common.o
 .mdebug.abi32  0xa0000320        0x0 build/default/production/_ext/1420065484/icode_ilt_commands.o
 .mdebug.abi32  0xa0000320        0x0 build/default/production/_ext/1420065484/icode_ilt_ui.o
 .mdebug.abi32  0xa0000320        0x0 build/default/production/_ext/1420065484/icode_sli_commands.o
 .mdebug.abi32  0xa0000320        0x0 build/default/production/_ext/1420065484/icode_sli_ui.o
 .mdebug.abi32  0xa0000320        0x0 build/default/production/_ext/1420065484/main.o
 .mdebug.abi32  0xa0000320        0x0 build/default/production/_ext/1071406310/phbalReg_Stub.o
 .mdebug.abi32  0xa0000320        0x0 build/default/production/_ext/1071406310/phOsal_Lpc17xx_Int.o
 .mdebug.abi32  0xa0000320        0x0 build/default/production/_ext/1071406310/phPlatform.o
 .mdebug.abi32  0xa0000320        0x0 build/default/production/_ext/1360900855/phhwConfig.o
 .mdebug.abi32  0xa0000320        0x0 build/default/production/main.o
 .mdebug.abi32  0xa0000320        0x0 c:/program files (x86)/microchip/xc32/v1.33/bin/bin/../../lib/gcc/pic32mx/4.5.2/../../../../pic32mx/lib\libmchp_peripheral_32MX795F512L.a(spi_chn_getc_lib.o)
 .mdebug.abi32  0xa0000320        0x0 c:/program files (x86)/microchip/xc32/v1.33/bin/bin/../../lib/gcc/pic32mx/4.5.2/../../../../pic32mx/lib\libmchp_peripheral_32MX795F512L.a(spi_chn_gets_lib.o)
 .mdebug.abi32  0xa0000320        0x0 c:/program files (x86)/microchip/xc32/v1.33/bin/bin/../../lib/gcc/pic32mx/4.5.2/../../../../pic32mx/lib\libmchp_peripheral_32MX795F512L.a(spi_chn_putc_lib.o)
 .mdebug.abi32  0xa0000320        0x0 c:/program files (x86)/microchip/xc32/v1.33/bin/bin/../../lib/gcc/pic32mx/4.5.2/../../../../pic32mx/lib\libmchp_peripheral_32MX795F512L.a(spi_map_tbl_libp.o)
 .mdebug.abi32  0xa0000320        0x0 c:/program files (x86)/microchip/xc32/v1.33/bin/bin/../../lib/gcc/pic32mx/4.5.2\libgcc.a(floatunsisf.o)
 .mdebug.abi32  0xa0000320        0x0 c:/program files (x86)/microchip/xc32/v1.33/bin/bin/../../lib/gcc/pic32mx/4.5.2/../../../../pic32mx/lib\libpic32.a(default-bootstrap-exception-handler.o)
 .mdebug.abi32  0xa0000320        0x0 c:/program files (x86)/microchip/xc32/v1.33/bin/bin/../../lib/gcc/pic32mx/4.5.2/../../../../pic32mx/lib\libpic32.a(default-on-reset.o)
 .mdebug.abi32  0xa0000320        0x0 c:/program files (x86)/microchip/xc32/v1.33/bin/bin/../../lib/gcc/pic32mx/4.5.2/../../../../pic32mx/lib\libpic32.a(default-on-bootstrap.o)
 .mdebug.abi32  0xa0000320        0x0 c:/program files (x86)/microchip/xc32/v1.33/bin/bin/../../lib/gcc/pic32mx/4.5.2/../../../../pic32mx/lib\libpic32.a(default-general-exception-handler.o)
 .mdebug.abi32  0xa0000320        0x0 c:/program files (x86)/microchip/xc32/v1.33/bin/bin/../../lib/gcc/pic32mx/4.5.2/../../../../pic32mx/lib\libpic32.a(defaultinterrupt.o)
 .mdebug.abi32  0xa0000320        0x0 c:/program files (x86)/microchip/xc32/v1.33/bin/bin/../../lib/gcc/pic32mx/4.5.2/../../../../pic32mx/lib\libc.a(atoi.o)
 .mdebug.abi32  0xa0000320        0x0 c:/program files (x86)/microchip/xc32/v1.33/bin/bin/../../lib/gcc/pic32mx/4.5.2/../../../../pic32mx/lib\libc.a(ctype.o)
 .mdebug.abi32  0xa0000320        0x0 c:/program files (x86)/microchip/xc32/v1.33/bin/bin/../../lib/gcc/pic32mx/4.5.2/../../../../pic32mx/lib\libc.a(putchar.o)
 .mdebug.abi32  0xa0000320        0x0 c:/program files (x86)/microchip/xc32/v1.33/bin/bin/../../lib/gcc/pic32mx/4.5.2/../../../../pic32mx/lib\libc.a(puts.o)
 .mdebug.abi32  0xa0000320        0x0 c:/program files (x86)/microchip/xc32/v1.33/bin/bin/../../lib/gcc/pic32mx/4.5.2/../../../../pic32mx/lib\libc.a(strncpy.o)
 .mdebug.abi32  0xa0000320        0x0 c:/program files (x86)/microchip/xc32/v1.33/bin/bin/../../lib/gcc/pic32mx/4.5.2/../../../../pic32mx/lib\libc.a(strtol.o)
 .mdebug.abi32  0xa0000320        0x0 c:/program files (x86)/microchip/xc32/v1.33/bin/bin/../../lib/gcc/pic32mx/4.5.2/../../../../pic32mx/lib\libc.a(printf_cdnopsuxX.eo)
 .mdebug.abi32  0xa0000320        0x0 c:/program files (x86)/microchip/xc32/v1.33/bin/bin/../../lib/gcc/pic32mx/4.5.2/../../../../pic32mx/lib\libc.a(sprintf_cdnopsuxX.eo)
 .mdebug.abi32  0xa0000320        0x0 c:/program files (x86)/microchip/xc32/v1.33/bin/bin/../../lib/gcc/pic32mx/4.5.2/../../../../pic32mx/lib\libc.a(_iob.o)
 .mdebug.abi32  0xa0000320        0x0 c:/program files (x86)/microchip/xc32/v1.33/bin/bin/../../lib/gcc/pic32mx/4.5.2/../../../../pic32mx/lib\libc.a(_fputc_simple.o)
 .mdebug.abi32  0xa0000320        0x0 c:/program files (x86)/microchip/xc32/v1.33/bin/bin/../../lib/gcc/pic32mx/4.5.2/../../../../pic32mx/lib\libc.a(ctypef.o)
 .mdebug.abi32  0xa0000320        0x0 c:/program files (x86)/microchip/xc32/v1.33/bin/bin/../../lib/gcc/pic32mx/4.5.2/../../../../pic32mx/lib\libc.a(errno.o)
 .mdebug.abi32  0xa0000320        0x0 c:/program files (x86)/microchip/xc32/v1.33/bin/bin/../../lib/gcc/pic32mx/4.5.2/../../../../pic32mx/lib\libc.a(doprnt_cdnopsuxX.eo)
 .mdebug.abi32  0xa0000320        0x0 c:/program files (x86)/microchip/xc32/v1.33/bin/bin/../../lib/gcc/pic32mx/4.5.2/../../../../pic32mx/lib\libc.a(_flsbuf_simple.o)
 .mdebug.abi32  0xa0000320        0x0 c:/program files (x86)/microchip/xc32/v1.33/bin/bin/../../lib/gcc/pic32mx/4.5.2/../../../../pic32mx/lib\libpic32.a(write.o)
 .mdebug.abi32  0xa0000320        0x0 c:/program files (x86)/microchip/xc32/v1.33/bin/bin/../../lib/gcc/pic32mx/4.5.2/../../../../pic32mx/lib\libpic32.a(_mon_putc.o)
 .mdebug.abi32  0xa0000320        0x0 c:/program files (x86)/microchip/xc32/v1.33/bin/bin/../../lib/gcc/pic32mx/4.5.2/../../../../pic32mx/lib\libpic32.a(xc32_uart.o)
 .mdebug.abi32  0xa0000320        0x0 c:/program files (x86)/microchip/xc32/v1.33/bin/bin/../../lib/gcc/pic32mx/4.5.2\libgcc.a(_udivdi3.o)
 .mdebug.abi32  0xa0000320        0x0 c:/program files (x86)/microchip/xc32/v1.33/bin/bin/../../lib/gcc/pic32mx/4.5.2\libgcc.a(_umoddi3.o)

.mdebug.abiN32
 *(.mdebug.abiN32)

.mdebug.abi64
 *(.mdebug.abi64)

.mdebug.abiO64
 *(.mdebug.abiO64)

.mdebug.eabi32
 *(.mdebug.eabi32)

.mdebug.eabi64
 *(.mdebug.eabi64)

.gcc_compiled_long32
 *(.gcc_compiled_long32)

.gcc_compiled_long64
 *(.gcc_compiled_long64)

.stab
 *(.stab)

.stabstr
 *(.stabstr)

.stab.excl
 *(.stab.excl)

.stab.exclstr
 *(.stab.exclstr)

.stab.index
 *(.stab.index)

.stab.indexstr
 *(.stab.indexstr)

.comment        0x00000000      0x146
 *(.comment)
 .comment       0x00000000       0x3c build/default/production/_ext/226416843/phalI15693_Sw.o
                                 0x3d (size before relaxing)
 .comment       0x00000000       0x3d build/default/production/_ext/1543058690/phalI15693.o
 .comment       0x00000000       0x3d build/default/production/_ext/841433201/phalI18000p3m3_Sw.o
 .comment       0x00000000       0x3d build/default/production/_ext/841433201/phalI18000p3m3_Sw_Int.o
 .comment       0x00000000       0x3d build/default/production/_ext/1083465500/phalI18000p3m3.o
 .comment       0x00000000       0x3d build/default/production/_ext/1755563796/phalSli_Sw.o
 .comment       0x00000000       0x3d build/default/production/_ext/192958335/phalSli.o
 .comment       0x00000000       0x3d build/default/production/_ext/1147107305/phbalReg.o
 .comment       0x00000000       0x3d build/default/production/_ext/632289455/phhalHw_Rc663.o
 .comment       0x00000000       0x3d build/default/production/_ext/632289455/phhalHw_Rc663_Cmd.o
 .comment       0x00000000       0x3d build/default/production/_ext/632289455/phhalHw_Rc663_Int.o
 .comment       0x00000000       0x3d build/default/production/_ext/632289455/phhalHw_Rc663_Wait.o
 .comment       0x00000000       0x3d build/default/production/_ext/1870330116/phhalHw.o
 .comment       0x00000000       0x3d build/default/production/_ext/424603049/phOsal_Nortos.o
 .comment       0x00000000       0x3d build/default/production/_ext/521443061/phpalI18000p3m3_Sw.o
 .comment       0x00000000       0x3d build/default/production/_ext/2062512958/phpalI18000p3m3.o
 .comment       0x00000000       0x3d build/default/production/_ext/1962118174/phpalSli15693_Sw.o
 .comment       0x00000000       0x3d build/default/production/_ext/75335025/phpalSli15693.o
 .comment       0x00000000       0x3d build/default/production/_ext/2056939211/phTools.o
 .comment       0x00000000       0x3d build/default/production/_ext/1420065484/icode_common.o
 .comment       0x00000000       0x3d build/default/production/_ext/1420065484/icode_ilt_commands.o
 .comment       0x00000000       0x3d build/default/production/_ext/1420065484/icode_ilt_ui.o
 .comment       0x00000000       0x3d build/default/production/_ext/1420065484/icode_sli_commands.o
 .comment       0x00000000       0x3d build/default/production/_ext/1420065484/icode_sli_ui.o
 .comment       0x00000000       0x3d build/default/production/_ext/1420065484/main.o
 .comment       0x00000000       0x3d build/default/production/_ext/1071406310/phbalReg_Stub.o
 .comment       0x00000000       0x3d build/default/production/_ext/1071406310/phOsal_Lpc17xx_Int.o
 .comment       0x00000000       0x3d build/default/production/_ext/1071406310/phPlatform.o
 .comment       0x00000000       0x3d build/default/production/_ext/1360900855/phhwConfig.o
 .comment       0x00000000       0x3d build/default/production/main.o
 .comment       0x0000003c       0x3c c:/program files (x86)/microchip/xc32/v1.33/bin/bin/../../lib/gcc/pic32mx/4.5.2/../../../../pic32mx/lib\libmchp_peripheral_32MX795F512L.a(spi_chn_getc_lib.o)
                                 0x3d (size before relaxing)
 .comment       0x00000000       0x3d c:/program files (x86)/microchip/xc32/v1.33/bin/bin/../../lib/gcc/pic32mx/4.5.2/../../../../pic32mx/lib\libmchp_peripheral_32MX795F512L.a(spi_chn_gets_lib.o)
 .comment       0x00000000       0x3d c:/program files (x86)/microchip/xc32/v1.33/bin/bin/../../lib/gcc/pic32mx/4.5.2/../../../../pic32mx/lib\libmchp_peripheral_32MX795F512L.a(spi_chn_putc_lib.o)
 .comment       0x00000000       0x3d c:/program files (x86)/microchip/xc32/v1.33/bin/bin/../../lib/gcc/pic32mx/4.5.2/../../../../pic32mx/lib\libmchp_peripheral_32MX795F512L.a(spi_map_tbl_libp.o)
 .comment       0x00000000       0x3d c:/program files (x86)/microchip/xc32/v1.33/bin/bin/../../lib/gcc/pic32mx/4.5.2\libgcc.a(floatunsisf.o)
 .comment       0x00000078       0x18 c:/program files (x86)/microchip/xc32/v1.33/bin/bin/../../lib/gcc/pic32mx/4.5.2/../../../../pic32mx/lib\libpic32.a(memset.o)
                                 0x19 (size before relaxing)
 .comment       0x00000090       0x19 c:/program files (x86)/microchip/xc32/v1.33/bin/bin/../../lib/gcc/pic32mx/4.5.2/../../../../pic32mx/lib\libpic32.a(strcpy.o)
                                 0x1a (size before relaxing)
 .comment       0x00000000       0x3d c:/program files (x86)/microchip/xc32/v1.33/bin/bin/../../lib/gcc/pic32mx/4.5.2/../../../../pic32mx/lib\libpic32.a(default-bootstrap-exception-handler.o)
 .comment       0x00000000       0x3d c:/program files (x86)/microchip/xc32/v1.33/bin/bin/../../lib/gcc/pic32mx/4.5.2/../../../../pic32mx/lib\libpic32.a(default-on-reset.o)
 .comment       0x00000000       0x3d c:/program files (x86)/microchip/xc32/v1.33/bin/bin/../../lib/gcc/pic32mx/4.5.2/../../../../pic32mx/lib\libpic32.a(default-on-bootstrap.o)
 .comment       0x00000000       0x3d c:/program files (x86)/microchip/xc32/v1.33/bin/bin/../../lib/gcc/pic32mx/4.5.2/../../../../pic32mx/lib\libpic32.a(default-general-exception-handler.o)
 .comment       0x00000000       0x3d c:/program files (x86)/microchip/xc32/v1.33/bin/bin/../../lib/gcc/pic32mx/4.5.2/../../../../pic32mx/lib\libpic32.a(defaultinterrupt.o)
 .comment       0x00000000       0x3d c:/program files (x86)/microchip/xc32/v1.33/bin/bin/../../lib/gcc/pic32mx/4.5.2/../../../../pic32mx/lib\libc.a(atoi.o)
 .comment       0x000000a9       0x4e c:/program files (x86)/microchip/xc32/v1.33/bin/bin/../../lib/gcc/pic32mx/4.5.2/../../../../pic32mx/lib\libc.a(ctype.o)
                                 0x8b (size before relaxing)
 .comment       0x00000000       0x3d c:/program files (x86)/microchip/xc32/v1.33/bin/bin/../../lib/gcc/pic32mx/4.5.2/../../../../pic32mx/lib\libc.a(putchar.o)
 .comment       0x00000000       0x3d c:/program files (x86)/microchip/xc32/v1.33/bin/bin/../../lib/gcc/pic32mx/4.5.2/../../../../pic32mx/lib\libc.a(puts.o)
 .comment       0x00000000       0x3d c:/program files (x86)/microchip/xc32/v1.33/bin/bin/../../lib/gcc/pic32mx/4.5.2/../../../../pic32mx/lib\libc.a(strncpy.o)
 .comment       0x00000000       0x3d c:/program files (x86)/microchip/xc32/v1.33/bin/bin/../../lib/gcc/pic32mx/4.5.2/../../../../pic32mx/lib\libc.a(strtol.o)
 .comment       0x00000000       0x3d c:/program files (x86)/microchip/xc32/v1.33/bin/bin/../../lib/gcc/pic32mx/4.5.2/../../../../pic32mx/lib\libc.a(printf_cdnopsuxX.eo)
 .comment       0x00000000       0x3d c:/program files (x86)/microchip/xc32/v1.33/bin/bin/../../lib/gcc/pic32mx/4.5.2/../../../../pic32mx/lib\libc.a(sprintf_cdnopsuxX.eo)
 .comment       0x00000000       0x3d c:/program files (x86)/microchip/xc32/v1.33/bin/bin/../../lib/gcc/pic32mx/4.5.2/../../../../pic32mx/lib\libc.a(_iob.o)
 .comment       0x00000000       0x3d c:/program files (x86)/microchip/xc32/v1.33/bin/bin/../../lib/gcc/pic32mx/4.5.2/../../../../pic32mx/lib\libc.a(_fputc_simple.o)
 .comment       0x000000f7       0x4f c:/program files (x86)/microchip/xc32/v1.33/bin/bin/../../lib/gcc/pic32mx/4.5.2/../../../../pic32mx/lib\libc.a(ctypef.o)
                                 0x8c (size before relaxing)
 .comment       0x00000000       0x3d c:/program files (x86)/microchip/xc32/v1.33/bin/bin/../../lib/gcc/pic32mx/4.5.2/../../../../pic32mx/lib\libc.a(errno.o)
 .comment       0x00000000       0x3d c:/program files (x86)/microchip/xc32/v1.33/bin/bin/../../lib/gcc/pic32mx/4.5.2/../../../../pic32mx/lib\libc.a(doprnt_cdnopsuxX.eo)
 .comment       0x00000000       0x3d c:/program files (x86)/microchip/xc32/v1.33/bin/bin/../../lib/gcc/pic32mx/4.5.2/../../../../pic32mx/lib\libc.a(_flsbuf_simple.o)
 .comment       0x00000000       0x3d c:/program files (x86)/microchip/xc32/v1.33/bin/bin/../../lib/gcc/pic32mx/4.5.2/../../../../pic32mx/lib\libpic32.a(write.o)
 .comment       0x00000000       0x3d c:/program files (x86)/microchip/xc32/v1.33/bin/bin/../../lib/gcc/pic32mx/4.5.2/../../../../pic32mx/lib\libpic32.a(_mon_putc.o)
 .comment       0x00000000       0x3d c:/program files (x86)/microchip/xc32/v1.33/bin/bin/../../lib/gcc/pic32mx/4.5.2/../../../../pic32mx/lib\libpic32.a(xc32_uart.o)
 .comment       0x00000000       0x3d c:/program files (x86)/microchip/xc32/v1.33/bin/bin/../../lib/gcc/pic32mx/4.5.2\libgcc.a(_udivdi3.o)
 .comment       0x00000000       0x3d c:/program files (x86)/microchip/xc32/v1.33/bin/bin/../../lib/gcc/pic32mx/4.5.2\libgcc.a(_umoddi3.o)

.debug
 *(.debug)

.line
 *(.line)

.debug_srcinfo
 *(.debug_srcinfo)

.debug_sfnames
 *(.debug_sfnames)

.debug_aranges  0x00000000      0x768
 *(.debug_aranges)
 .debug_aranges
                0x00000000       0x20 build/default/production/_ext/226416843/phalI15693_Sw.o
 .debug_aranges
                0x00000020       0x20 build/default/production/_ext/1543058690/phalI15693.o
 .debug_aranges
                0x00000040       0x20 build/default/production/_ext/841433201/phalI18000p3m3_Sw.o
 .debug_aranges
                0x00000060       0x20 build/default/production/_ext/841433201/phalI18000p3m3_Sw_Int.o
 .debug_aranges
                0x00000080       0x20 build/default/production/_ext/1083465500/phalI18000p3m3.o
 .debug_aranges
                0x000000a0       0x20 build/default/production/_ext/1755563796/phalSli_Sw.o
 .debug_aranges
                0x000000c0       0x20 build/default/production/_ext/192958335/phalSli.o
 .debug_aranges
                0x000000e0       0x20 build/default/production/_ext/1147107305/phbalReg.o
 .debug_aranges
                0x00000100       0x20 build/default/production/_ext/632289455/phhalHw_Rc663.o
 .debug_aranges
                0x00000120       0x20 build/default/production/_ext/632289455/phhalHw_Rc663_Cmd.o
 .debug_aranges
                0x00000140       0x20 build/default/production/_ext/632289455/phhalHw_Rc663_Int.o
 .debug_aranges
                0x00000160       0x20 build/default/production/_ext/632289455/phhalHw_Rc663_Wait.o
 .debug_aranges
                0x00000180       0x20 build/default/production/_ext/1870330116/phhalHw.o
 .debug_aranges
                0x000001a0       0x20 build/default/production/_ext/424603049/phOsal_Nortos.o
 .debug_aranges
                0x000001c0       0x20 build/default/production/_ext/521443061/phpalI18000p3m3_Sw.o
 .debug_aranges
                0x000001e0       0x20 build/default/production/_ext/2062512958/phpalI18000p3m3.o
 .debug_aranges
                0x00000200       0x20 build/default/production/_ext/1962118174/phpalSli15693_Sw.o
 .debug_aranges
                0x00000220       0x20 build/default/production/_ext/75335025/phpalSli15693.o
 .debug_aranges
                0x00000240       0x20 build/default/production/_ext/2056939211/phTools.o
 .debug_aranges
                0x00000260       0x20 build/default/production/_ext/1420065484/icode_common.o
 .debug_aranges
                0x00000280       0x20 build/default/production/_ext/1420065484/icode_ilt_commands.o
 .debug_aranges
                0x000002a0       0x20 build/default/production/_ext/1420065484/icode_ilt_ui.o
 .debug_aranges
                0x000002c0       0x20 build/default/production/_ext/1420065484/icode_sli_commands.o
 .debug_aranges
                0x000002e0       0x20 build/default/production/_ext/1420065484/icode_sli_ui.o
 .debug_aranges
                0x00000300       0x20 build/default/production/_ext/1420065484/main.o
 .debug_aranges
                0x00000320       0x20 build/default/production/_ext/1071406310/phbalReg_Stub.o
 .debug_aranges
                0x00000340       0x20 build/default/production/_ext/1071406310/phOsal_Lpc17xx_Int.o
 .debug_aranges
                0x00000360       0x20 build/default/production/_ext/1071406310/phPlatform.o
 .debug_aranges
                0x00000380       0x20 build/default/production/_ext/1360900855/phhwConfig.o
 .debug_aranges
                0x000003a0       0x20 build/default/production/main.o
 .debug_aranges
                0x000003c0       0x28 c:/program files (x86)/microchip/xc32/v1.33/bin/bin/../../lib/gcc/pic32mx/4.5.2/../../../../pic32mx/lib\libmchp_peripheral_32MX795F512L.a(spi_chn_getc_lib.o)
 .debug_aranges
                0x000003e8       0x20 c:/program files (x86)/microchip/xc32/v1.33/bin/bin/../../lib/gcc/pic32mx/4.5.2/../../../../pic32mx/lib\libmchp_peripheral_32MX795F512L.a(spi_chn_gets_lib.o)
 .debug_aranges
                0x00000408       0x30 c:/program files (x86)/microchip/xc32/v1.33/bin/bin/../../lib/gcc/pic32mx/4.5.2/../../../../pic32mx/lib\libmchp_peripheral_32MX795F512L.a(spi_chn_putc_lib.o)
 .debug_aranges
                0x00000438       0x20 c:/program files (x86)/microchip/xc32/v1.33/bin/bin/../../lib/gcc/pic32mx/4.5.2\libgcc.a(floatunsisf.o)
 .debug_aranges
                0x00000458       0x20 c:/program files (x86)/microchip/xc32/v1.33/bin/bin/../../lib/gcc/pic32mx/4.5.2/../../../../pic32mx/lib\libpic32.a(default-bootstrap-exception-handler.o)
 .debug_aranges
                0x00000478       0x20 c:/program files (x86)/microchip/xc32/v1.33/bin/bin/../../lib/gcc/pic32mx/4.5.2/../../../../pic32mx/lib\libpic32.a(default-on-reset.o)
 .debug_aranges
                0x00000498       0x20 c:/program files (x86)/microchip/xc32/v1.33/bin/bin/../../lib/gcc/pic32mx/4.5.2/../../../../pic32mx/lib\libpic32.a(default-on-bootstrap.o)
 .debug_aranges
                0x000004b8       0x20 c:/program files (x86)/microchip/xc32/v1.33/bin/bin/../../lib/gcc/pic32mx/4.5.2/../../../../pic32mx/lib\libpic32.a(default-general-exception-handler.o)
 .debug_aranges
                0x000004d8       0x20 c:/program files (x86)/microchip/xc32/v1.33/bin/bin/../../lib/gcc/pic32mx/4.5.2/../../../../pic32mx/lib\libpic32.a(defaultinterrupt.o)
 .debug_aranges
                0x000004f8       0x20 c:/program files (x86)/microchip/xc32/v1.33/bin/bin/../../lib/gcc/pic32mx/4.5.2/../../../../pic32mx/lib\libc.a(atoi.o)
 .debug_aranges
                0x00000518       0x20 c:/program files (x86)/microchip/xc32/v1.33/bin/bin/../../lib/gcc/pic32mx/4.5.2/../../../../pic32mx/lib\libc.a(putchar.o)
 .debug_aranges
                0x00000538       0x28 c:/program files (x86)/microchip/xc32/v1.33/bin/bin/../../lib/gcc/pic32mx/4.5.2/../../../../pic32mx/lib\libc.a(puts.o)
 .debug_aranges
                0x00000560       0x20 c:/program files (x86)/microchip/xc32/v1.33/bin/bin/../../lib/gcc/pic32mx/4.5.2/../../../../pic32mx/lib\libc.a(strncpy.o)
 .debug_aranges
                0x00000580       0x28 c:/program files (x86)/microchip/xc32/v1.33/bin/bin/../../lib/gcc/pic32mx/4.5.2/../../../../pic32mx/lib\libc.a(strtol.o)
 .debug_aranges
                0x000005a8       0x20 c:/program files (x86)/microchip/xc32/v1.33/bin/bin/../../lib/gcc/pic32mx/4.5.2/../../../../pic32mx/lib\libc.a(printf_cdnopsuxX.eo)
 .debug_aranges
                0x000005c8       0x20 c:/program files (x86)/microchip/xc32/v1.33/bin/bin/../../lib/gcc/pic32mx/4.5.2/../../../../pic32mx/lib\libc.a(sprintf_cdnopsuxX.eo)
 .debug_aranges
                0x000005e8       0x20 c:/program files (x86)/microchip/xc32/v1.33/bin/bin/../../lib/gcc/pic32mx/4.5.2/../../../../pic32mx/lib\libc.a(_fputc_simple.o)
 .debug_aranges
                0x00000608       0xa0 c:/program files (x86)/microchip/xc32/v1.33/bin/bin/../../lib/gcc/pic32mx/4.5.2/../../../../pic32mx/lib\libc.a(ctypef.o)
 .debug_aranges
                0x000006a8       0x20 c:/program files (x86)/microchip/xc32/v1.33/bin/bin/../../lib/gcc/pic32mx/4.5.2/../../../../pic32mx/lib\libc.a(doprnt_cdnopsuxX.eo)
 .debug_aranges
                0x000006c8       0x20 c:/program files (x86)/microchip/xc32/v1.33/bin/bin/../../lib/gcc/pic32mx/4.5.2/../../../../pic32mx/lib\libc.a(_flsbuf_simple.o)
 .debug_aranges
                0x000006e8       0x20 c:/program files (x86)/microchip/xc32/v1.33/bin/bin/../../lib/gcc/pic32mx/4.5.2/../../../../pic32mx/lib\libpic32.a(write.o)
 .debug_aranges
                0x00000708       0x20 c:/program files (x86)/microchip/xc32/v1.33/bin/bin/../../lib/gcc/pic32mx/4.5.2/../../../../pic32mx/lib\libpic32.a(_mon_putc.o)
 .debug_aranges
                0x00000728       0x20 c:/program files (x86)/microchip/xc32/v1.33/bin/bin/../../lib/gcc/pic32mx/4.5.2\libgcc.a(_udivdi3.o)
 .debug_aranges
                0x00000748       0x20 c:/program files (x86)/microchip/xc32/v1.33/bin/bin/../../lib/gcc/pic32mx/4.5.2\libgcc.a(_umoddi3.o)

.debug_pubnames
                0x00000000     0x3357
 *(.debug_pubnames)
 .debug_pubnames
                0x00000000      0x31f build/default/production/_ext/226416843/phalI15693_Sw.o
 .debug_pubnames
                0x0000031f      0x28a build/default/production/_ext/1543058690/phalI15693.o
 .debug_pubnames
                0x000005a9      0x174 build/default/production/_ext/841433201/phalI18000p3m3_Sw.o
 .debug_pubnames
                0x0000071d       0x33 build/default/production/_ext/841433201/phalI18000p3m3_Sw_Int.o
 .debug_pubnames
                0x00000750      0x138 build/default/production/_ext/1083465500/phalI18000p3m3.o
 .debug_pubnames
                0x00000888      0x27e build/default/production/_ext/1755563796/phalSli_Sw.o
 .debug_pubnames
                0x00000b06      0x20e build/default/production/_ext/192958335/phalSli.o
 .debug_pubnames
                0x00000d14       0xb1 build/default/production/_ext/1147107305/phbalReg.o
 .debug_pubnames
                0x00000dc5      0x22f build/default/production/_ext/632289455/phhalHw_Rc663.o
 .debug_pubnames
                0x00000ff4      0x1f0 build/default/production/_ext/632289455/phhalHw_Rc663_Cmd.o
 .debug_pubnames
                0x000011e4      0x3ad build/default/production/_ext/632289455/phhalHw_Rc663_Int.o
 .debug_pubnames
                0x00001591       0x2c build/default/production/_ext/632289455/phhalHw_Rc663_Wait.o
 .debug_pubnames
                0x000015bd      0x1da build/default/production/_ext/1870330116/phhalHw.o
 .debug_pubnames
                0x00001797      0x253 build/default/production/_ext/424603049/phOsal_Nortos.o
 .debug_pubnames
                0x000019ea      0x1c1 build/default/production/_ext/521443061/phpalI18000p3m3_Sw.o
 .debug_pubnames
                0x00001bab      0x181 build/default/production/_ext/2062512958/phpalI18000p3m3.o
 .debug_pubnames
                0x00001d2c      0x26b build/default/production/_ext/1962118174/phpalSli15693_Sw.o
 .debug_pubnames
                0x00001f97      0x200 build/default/production/_ext/75335025/phpalSli15693.o
 .debug_pubnames
                0x00002197       0xde build/default/production/_ext/2056939211/phTools.o
 .debug_pubnames
                0x00002275       0xcc build/default/production/_ext/1420065484/icode_common.o
 .debug_pubnames
                0x00002341       0x9f build/default/production/_ext/1420065484/icode_ilt_commands.o
 .debug_pubnames
                0x000023e0      0x15d build/default/production/_ext/1420065484/icode_ilt_ui.o
 .debug_pubnames
                0x0000253d      0x198 build/default/production/_ext/1420065484/icode_sli_commands.o
 .debug_pubnames
                0x000026d5      0x201 build/default/production/_ext/1420065484/icode_sli_ui.o
 .debug_pubnames
                0x000028d6       0x87 build/default/production/_ext/1420065484/main.o
 .debug_pubnames
                0x0000295d      0x12a build/default/production/_ext/1071406310/phbalReg_Stub.o
 .debug_pubnames
                0x00002a87      0x299 build/default/production/_ext/1071406310/phOsal_Lpc17xx_Int.o
 .debug_pubnames
                0x00002d20      0x129 build/default/production/_ext/1071406310/phPlatform.o
 .debug_pubnames
                0x00002e49       0xb3 build/default/production/_ext/1360900855/phhwConfig.o
 .debug_pubnames
                0x00002efc       0x1b build/default/production/main.o
 .debug_pubnames
                0x00002f17       0x31 c:/program files (x86)/microchip/xc32/v1.33/bin/bin/../../lib/gcc/pic32mx/4.5.2/../../../../pic32mx/lib\libmchp_peripheral_32MX795F512L.a(spi_chn_getc_lib.o)
 .debug_pubnames
                0x00002f48       0x21 c:/program files (x86)/microchip/xc32/v1.33/bin/bin/../../lib/gcc/pic32mx/4.5.2/../../../../pic32mx/lib\libmchp_peripheral_32MX795F512L.a(spi_chn_gets_lib.o)
 .debug_pubnames
                0x00002f69       0x43 c:/program files (x86)/microchip/xc32/v1.33/bin/bin/../../lib/gcc/pic32mx/4.5.2/../../../../pic32mx/lib\libmchp_peripheral_32MX795F512L.a(spi_chn_putc_lib.o)
 .debug_pubnames
                0x00002fac       0x24 c:/program files (x86)/microchip/xc32/v1.33/bin/bin/../../lib/gcc/pic32mx/4.5.2\libgcc.a(floatunsisf.o)
 .debug_pubnames
                0x00002fd0       0x33 c:/program files (x86)/microchip/xc32/v1.33/bin/bin/../../lib/gcc/pic32mx/4.5.2/../../../../pic32mx/lib\libpic32.a(default-bootstrap-exception-handler.o)
 .debug_pubnames
                0x00003003       0x20 c:/program files (x86)/microchip/xc32/v1.33/bin/bin/../../lib/gcc/pic32mx/4.5.2/../../../../pic32mx/lib\libpic32.a(default-on-reset.o)
 .debug_pubnames
                0x00003023       0x24 c:/program files (x86)/microchip/xc32/v1.33/bin/bin/../../lib/gcc/pic32mx/4.5.2/../../../../pic32mx/lib\libpic32.a(default-on-bootstrap.o)
 .debug_pubnames
                0x00003047       0x31 c:/program files (x86)/microchip/xc32/v1.33/bin/bin/../../lib/gcc/pic32mx/4.5.2/../../../../pic32mx/lib\libpic32.a(default-general-exception-handler.o)
 .debug_pubnames
                0x00003078       0x28 c:/program files (x86)/microchip/xc32/v1.33/bin/bin/../../lib/gcc/pic32mx/4.5.2/../../../../pic32mx/lib\libpic32.a(defaultinterrupt.o)
 .debug_pubnames
                0x000030a0       0x1b c:/program files (x86)/microchip/xc32/v1.33/bin/bin/../../lib/gcc/pic32mx/4.5.2/../../../../pic32mx/lib\libc.a(atoi.o)
 .debug_pubnames
                0x000030bb       0x1e c:/program files (x86)/microchip/xc32/v1.33/bin/bin/../../lib/gcc/pic32mx/4.5.2/../../../../pic32mx/lib\libc.a(putchar.o)
 .debug_pubnames
                0x000030d9       0x25 c:/program files (x86)/microchip/xc32/v1.33/bin/bin/../../lib/gcc/pic32mx/4.5.2/../../../../pic32mx/lib\libc.a(puts.o)
 .debug_pubnames
                0x000030fe       0x1e c:/program files (x86)/microchip/xc32/v1.33/bin/bin/../../lib/gcc/pic32mx/4.5.2/../../../../pic32mx/lib\libc.a(strncpy.o)
 .debug_pubnames
                0x0000311c       0x29 c:/program files (x86)/microchip/xc32/v1.33/bin/bin/../../lib/gcc/pic32mx/4.5.2/../../../../pic32mx/lib\libc.a(strtol.o)
 .debug_pubnames
                0x00003145       0x28 c:/program files (x86)/microchip/xc32/v1.33/bin/bin/../../lib/gcc/pic32mx/4.5.2/../../../../pic32mx/lib\libc.a(printf_cdnopsuxX.eo)
 .debug_pubnames
                0x0000316d       0x29 c:/program files (x86)/microchip/xc32/v1.33/bin/bin/../../lib/gcc/pic32mx/4.5.2/../../../../pic32mx/lib\libc.a(sprintf_cdnopsuxX.eo)
 .debug_pubnames
                0x00003196       0x1c c:/program files (x86)/microchip/xc32/v1.33/bin/bin/../../lib/gcc/pic32mx/4.5.2/../../../../pic32mx/lib\libc.a(_fputc_simple.o)
 .debug_pubnames
                0x000031b2       0xe1 c:/program files (x86)/microchip/xc32/v1.33/bin/bin/../../lib/gcc/pic32mx/4.5.2/../../../../pic32mx/lib\libc.a(ctypef.o)
 .debug_pubnames
                0x00003293       0x2a c:/program files (x86)/microchip/xc32/v1.33/bin/bin/../../lib/gcc/pic32mx/4.5.2/../../../../pic32mx/lib\libc.a(doprnt_cdnopsuxX.eo)
 .debug_pubnames
                0x000032bd       0x1e c:/program files (x86)/microchip/xc32/v1.33/bin/bin/../../lib/gcc/pic32mx/4.5.2/../../../../pic32mx/lib\libc.a(_flsbuf_simple.o)
 .debug_pubnames
                0x000032db       0x1c c:/program files (x86)/microchip/xc32/v1.33/bin/bin/../../lib/gcc/pic32mx/4.5.2/../../../../pic32mx/lib\libpic32.a(write.o)
 .debug_pubnames
                0x000032f7       0x20 c:/program files (x86)/microchip/xc32/v1.33/bin/bin/../../lib/gcc/pic32mx/4.5.2/../../../../pic32mx/lib\libpic32.a(_mon_putc.o)
 .debug_pubnames
                0x00003317       0x20 c:/program files (x86)/microchip/xc32/v1.33/bin/bin/../../lib/gcc/pic32mx/4.5.2\libgcc.a(_udivdi3.o)
 .debug_pubnames
                0x00003337       0x20 c:/program files (x86)/microchip/xc32/v1.33/bin/bin/../../lib/gcc/pic32mx/4.5.2\libgcc.a(_umoddi3.o)

.debug_info     0x00000000    0x1acac
 *(.debug_info .gnu.linkonce.wi.*)
 .debug_info    0x00000000     0x1089 build/default/production/_ext/226416843/phalI15693_Sw.o
 .debug_info    0x00001089      0xb26 build/default/production/_ext/1543058690/phalI15693.o
 .debug_info    0x00001baf      0xbad build/default/production/_ext/841433201/phalI18000p3m3_Sw.o
 .debug_info    0x0000275c      0x2d4 build/default/production/_ext/841433201/phalI18000p3m3_Sw_Int.o
 .debug_info    0x00002a30      0x7e9 build/default/production/_ext/1083465500/phalI18000p3m3.o
 .debug_info    0x00003219      0xd59 build/default/production/_ext/1755563796/phalSli_Sw.o
 .debug_info    0x00003f72      0x997 build/default/production/_ext/192958335/phalSli.o
 .debug_info    0x00004909      0x4e7 build/default/production/_ext/1147107305/phbalReg.o
 .debug_info    0x00004df0     0x18f7 build/default/production/_ext/632289455/phhalHw_Rc663.o
 .debug_info    0x000066e7     0x1009 build/default/production/_ext/632289455/phhalHw_Rc663_Cmd.o
 .debug_info    0x000076f0     0x223a build/default/production/_ext/632289455/phhalHw_Rc663_Int.o
 .debug_info    0x0000992a      0x898 build/default/production/_ext/632289455/phhalHw_Rc663_Wait.o
 .debug_info    0x0000a1c2      0xe2c build/default/production/_ext/1870330116/phhalHw.o
 .debug_info    0x0000afee      0xf16 build/default/production/_ext/424603049/phOsal_Nortos.o
 .debug_info    0x0000bf04      0xf08 build/default/production/_ext/521443061/phpalI18000p3m3_Sw.o
 .debug_info    0x0000ce0c      0xa1e build/default/production/_ext/2062512958/phpalI18000p3m3.o
 .debug_info    0x0000d82a     0x1090 build/default/production/_ext/1962118174/phpalSli15693_Sw.o
 .debug_info    0x0000e8ba      0xbc5 build/default/production/_ext/75335025/phpalSli15693.o
 .debug_info    0x0000f47f      0x8c4 build/default/production/_ext/2056939211/phTools.o
 .debug_info    0x0000fd43      0x39d build/default/production/_ext/1420065484/icode_common.o
 .debug_info    0x000100e0      0xdd0 build/default/production/_ext/1420065484/icode_ilt_commands.o
 .debug_info    0x00010eb0     0x1395 build/default/production/_ext/1420065484/icode_ilt_ui.o
 .debug_info    0x00012245     0x13db build/default/production/_ext/1420065484/icode_sli_commands.o
 .debug_info    0x00013620     0x1865 build/default/production/_ext/1420065484/icode_sli_ui.o
 .debug_info    0x00014e85      0x809 build/default/production/_ext/1420065484/main.o
 .debug_info    0x0001568e     0x202b build/default/production/_ext/1071406310/phbalReg_Stub.o
 .debug_info    0x000176b9      0x820 build/default/production/_ext/1071406310/phOsal_Lpc17xx_Int.o
 .debug_info    0x00017ed9      0x62a build/default/production/_ext/1071406310/phPlatform.o
 .debug_info    0x00018503      0x53a build/default/production/_ext/1360900855/phhwConfig.o
 .debug_info    0x00018a3d       0xbf build/default/production/main.o
 .debug_info    0x00018afc       0xcb c:/program files (x86)/microchip/xc32/v1.33/bin/bin/../../lib/gcc/pic32mx/4.5.2/../../../../pic32mx/lib\libmchp_peripheral_32MX795F512L.a(spi_chn_getc_lib.o)
 .debug_info    0x00018bc7       0xb1 c:/program files (x86)/microchip/xc32/v1.33/bin/bin/../../lib/gcc/pic32mx/4.5.2/../../../../pic32mx/lib\libmchp_peripheral_32MX795F512L.a(spi_chn_gets_lib.o)
 .debug_info    0x00018c78       0xe7 c:/program files (x86)/microchip/xc32/v1.33/bin/bin/../../lib/gcc/pic32mx/4.5.2/../../../../pic32mx/lib\libmchp_peripheral_32MX795F512L.a(spi_chn_putc_lib.o)
 .debug_info    0x00018d5f        0x0 c:/program files (x86)/microchip/xc32/v1.33/bin/bin/../../lib/gcc/pic32mx/4.5.2/../../../../pic32mx/lib\libmchp_peripheral_32MX795F512L.a(spi_map_tbl_libp.o)
 .debug_info    0x00018d5f      0x125 c:/program files (x86)/microchip/xc32/v1.33/bin/bin/../../lib/gcc/pic32mx/4.5.2\libgcc.a(floatunsisf.o)
 .debug_info    0x00018e84       0xe2 c:/program files (x86)/microchip/xc32/v1.33/bin/bin/../../lib/gcc/pic32mx/4.5.2/../../../../pic32mx/lib\libpic32.a(default-bootstrap-exception-handler.o)
 .debug_info    0x00018f66       0xbc c:/program files (x86)/microchip/xc32/v1.33/bin/bin/../../lib/gcc/pic32mx/4.5.2/../../../../pic32mx/lib\libpic32.a(default-on-reset.o)
 .debug_info    0x00019022       0xc4 c:/program files (x86)/microchip/xc32/v1.33/bin/bin/../../lib/gcc/pic32mx/4.5.2/../../../../pic32mx/lib\libpic32.a(default-on-bootstrap.o)
 .debug_info    0x000190e6       0xde c:/program files (x86)/microchip/xc32/v1.33/bin/bin/../../lib/gcc/pic32mx/4.5.2/../../../../pic32mx/lib\libpic32.a(default-general-exception-handler.o)
 .debug_info    0x000191c4       0xd6 c:/program files (x86)/microchip/xc32/v1.33/bin/bin/../../lib/gcc/pic32mx/4.5.2/../../../../pic32mx/lib\libpic32.a(defaultinterrupt.o)
 .debug_info    0x0001929a       0xb1 c:/program files (x86)/microchip/xc32/v1.33/bin/bin/../../lib/gcc/pic32mx/4.5.2/../../../../pic32mx/lib\libc.a(atoi.o)
 .debug_info    0x0001934b        0x0 c:/program files (x86)/microchip/xc32/v1.33/bin/bin/../../lib/gcc/pic32mx/4.5.2/../../../../pic32mx/lib\libc.a(ctype.o)
 .debug_info    0x0001934b       0xb7 c:/program files (x86)/microchip/xc32/v1.33/bin/bin/../../lib/gcc/pic32mx/4.5.2/../../../../pic32mx/lib\libc.a(putchar.o)
 .debug_info    0x00019402       0xc5 c:/program files (x86)/microchip/xc32/v1.33/bin/bin/../../lib/gcc/pic32mx/4.5.2/../../../../pic32mx/lib\libc.a(puts.o)
 .debug_info    0x000194c7       0xb7 c:/program files (x86)/microchip/xc32/v1.33/bin/bin/../../lib/gcc/pic32mx/4.5.2/../../../../pic32mx/lib\libc.a(strncpy.o)
 .debug_info    0x0001957e       0xcb c:/program files (x86)/microchip/xc32/v1.33/bin/bin/../../lib/gcc/pic32mx/4.5.2/../../../../pic32mx/lib\libc.a(strtol.o)
 .debug_info    0x00019649       0xc0 c:/program files (x86)/microchip/xc32/v1.33/bin/bin/../../lib/gcc/pic32mx/4.5.2/../../../../pic32mx/lib\libc.a(printf_cdnopsuxX.eo)
 .debug_info    0x00019709       0xc2 c:/program files (x86)/microchip/xc32/v1.33/bin/bin/../../lib/gcc/pic32mx/4.5.2/../../../../pic32mx/lib\libc.a(sprintf_cdnopsuxX.eo)
 .debug_info    0x000197cb        0x0 c:/program files (x86)/microchip/xc32/v1.33/bin/bin/../../lib/gcc/pic32mx/4.5.2/../../../../pic32mx/lib\libc.a(_iob.o)
 .debug_info    0x000197cb       0xb3 c:/program files (x86)/microchip/xc32/v1.33/bin/bin/../../lib/gcc/pic32mx/4.5.2/../../../../pic32mx/lib\libc.a(_fputc_simple.o)
 .debug_info    0x0001987e      0x219 c:/program files (x86)/microchip/xc32/v1.33/bin/bin/../../lib/gcc/pic32mx/4.5.2/../../../../pic32mx/lib\libc.a(ctypef.o)
 .debug_info    0x00019a97        0x0 c:/program files (x86)/microchip/xc32/v1.33/bin/bin/../../lib/gcc/pic32mx/4.5.2/../../../../pic32mx/lib\libc.a(errno.o)
 .debug_info    0x00019a97       0xc3 c:/program files (x86)/microchip/xc32/v1.33/bin/bin/../../lib/gcc/pic32mx/4.5.2/../../../../pic32mx/lib\libc.a(doprnt_cdnopsuxX.eo)
 .debug_info    0x00019b5a       0xb6 c:/program files (x86)/microchip/xc32/v1.33/bin/bin/../../lib/gcc/pic32mx/4.5.2/../../../../pic32mx/lib\libc.a(_flsbuf_simple.o)
 .debug_info    0x00019c10       0xad c:/program files (x86)/microchip/xc32/v1.33/bin/bin/../../lib/gcc/pic32mx/4.5.2/../../../../pic32mx/lib\libpic32.a(write.o)
 .debug_info    0x00019cbd       0xb5 c:/program files (x86)/microchip/xc32/v1.33/bin/bin/../../lib/gcc/pic32mx/4.5.2/../../../../pic32mx/lib\libpic32.a(_mon_putc.o)
 .debug_info    0x00019d72        0x0 c:/program files (x86)/microchip/xc32/v1.33/bin/bin/../../lib/gcc/pic32mx/4.5.2/../../../../pic32mx/lib\libpic32.a(xc32_uart.o)
 .debug_info    0x00019d72      0x782 c:/program files (x86)/microchip/xc32/v1.33/bin/bin/../../lib/gcc/pic32mx/4.5.2\libgcc.a(_udivdi3.o)
 .debug_info    0x0001a4f4      0x7b8 c:/program files (x86)/microchip/xc32/v1.33/bin/bin/../../lib/gcc/pic32mx/4.5.2\libgcc.a(_umoddi3.o)

.debug_abbrev   0x00000000     0x2f69
 *(.debug_abbrev)
 .debug_abbrev  0x00000000      0x183 build/default/production/_ext/226416843/phalI15693_Sw.o
 .debug_abbrev  0x00000183      0x106 build/default/production/_ext/1543058690/phalI15693.o
 .debug_abbrev  0x00000289      0x1ae build/default/production/_ext/841433201/phalI18000p3m3_Sw.o
 .debug_abbrev  0x00000437       0xbd build/default/production/_ext/841433201/phalI18000p3m3_Sw_Int.o
 .debug_abbrev  0x000004f4      0x136 build/default/production/_ext/1083465500/phalI18000p3m3.o
 .debug_abbrev  0x0000062a      0x176 build/default/production/_ext/1755563796/phalSli_Sw.o
 .debug_abbrev  0x000007a0      0x106 build/default/production/_ext/192958335/phalSli.o
 .debug_abbrev  0x000008a6      0x122 build/default/production/_ext/1147107305/phbalReg.o
 .debug_abbrev  0x000009c8      0x198 build/default/production/_ext/632289455/phhalHw_Rc663.o
 .debug_abbrev  0x00000b60      0x1ac build/default/production/_ext/632289455/phhalHw_Rc663_Cmd.o
 .debug_abbrev  0x00000d0c      0x187 build/default/production/_ext/632289455/phhalHw_Rc663_Int.o
 .debug_abbrev  0x00000e93       0xe4 build/default/production/_ext/632289455/phhalHw_Rc663_Wait.o
 .debug_abbrev  0x00000f77      0x17f build/default/production/_ext/1870330116/phhalHw.o
 .debug_abbrev  0x000010f6      0x15c build/default/production/_ext/424603049/phOsal_Nortos.o
 .debug_abbrev  0x00001252      0x1db build/default/production/_ext/521443061/phpalI18000p3m3_Sw.o
 .debug_abbrev  0x0000142d      0x154 build/default/production/_ext/2062512958/phpalI18000p3m3.o
 .debug_abbrev  0x00001581      0x1a1 build/default/production/_ext/1962118174/phpalSli15693_Sw.o
 .debug_abbrev  0x00001722      0x145 build/default/production/_ext/75335025/phpalSli15693.o
 .debug_abbrev  0x00001867      0x186 build/default/production/_ext/2056939211/phTools.o
 .debug_abbrev  0x000019ed       0xe3 build/default/production/_ext/1420065484/icode_common.o
 .debug_abbrev  0x00001ad0      0x167 build/default/production/_ext/1420065484/icode_ilt_commands.o
 .debug_abbrev  0x00001c37      0x1ba build/default/production/_ext/1420065484/icode_ilt_ui.o
 .debug_abbrev  0x00001df1      0x1e1 build/default/production/_ext/1420065484/icode_sli_commands.o
 .debug_abbrev  0x00001fd2      0x1da build/default/production/_ext/1420065484/icode_sli_ui.o
 .debug_abbrev  0x000021ac      0x132 build/default/production/_ext/1420065484/main.o
 .debug_abbrev  0x000022de      0x2ff build/default/production/_ext/1071406310/phbalReg_Stub.o
 .debug_abbrev  0x000025dd      0x15c build/default/production/_ext/1071406310/phOsal_Lpc17xx_Int.o
 .debug_abbrev  0x00002739      0x113 build/default/production/_ext/1071406310/phPlatform.o
 .debug_abbrev  0x0000284c       0xcc build/default/production/_ext/1360900855/phhwConfig.o
 .debug_abbrev  0x00002918       0x4c build/default/production/main.o
 .debug_abbrev  0x00002964       0x32 c:/program files (x86)/microchip/xc32/v1.33/bin/bin/../../lib/gcc/pic32mx/4.5.2/../../../../pic32mx/lib\libmchp_peripheral_32MX795F512L.a(spi_chn_getc_lib.o)
 .debug_abbrev  0x00002996       0x32 c:/program files (x86)/microchip/xc32/v1.33/bin/bin/../../lib/gcc/pic32mx/4.5.2/../../../../pic32mx/lib\libmchp_peripheral_32MX795F512L.a(spi_chn_gets_lib.o)
 .debug_abbrev  0x000029c8       0x32 c:/program files (x86)/microchip/xc32/v1.33/bin/bin/../../lib/gcc/pic32mx/4.5.2/../../../../pic32mx/lib\libmchp_peripheral_32MX795F512L.a(spi_chn_putc_lib.o)
 .debug_abbrev  0x000029fa        0x1 c:/program files (x86)/microchip/xc32/v1.33/bin/bin/../../lib/gcc/pic32mx/4.5.2/../../../../pic32mx/lib\libmchp_peripheral_32MX795F512L.a(spi_map_tbl_libp.o)
 .debug_abbrev  0x000029fb       0x5f c:/program files (x86)/microchip/xc32/v1.33/bin/bin/../../lib/gcc/pic32mx/4.5.2\libgcc.a(floatunsisf.o)
 .debug_abbrev  0x00002a5a       0x25 c:/program files (x86)/microchip/xc32/v1.33/bin/bin/../../lib/gcc/pic32mx/4.5.2/../../../../pic32mx/lib\libpic32.a(default-bootstrap-exception-handler.o)
 .debug_abbrev  0x00002a7f       0x25 c:/program files (x86)/microchip/xc32/v1.33/bin/bin/../../lib/gcc/pic32mx/4.5.2/../../../../pic32mx/lib\libpic32.a(default-on-reset.o)
 .debug_abbrev  0x00002aa4       0x25 c:/program files (x86)/microchip/xc32/v1.33/bin/bin/../../lib/gcc/pic32mx/4.5.2/../../../../pic32mx/lib\libpic32.a(default-on-bootstrap.o)
 .debug_abbrev  0x00002ac9       0x25 c:/program files (x86)/microchip/xc32/v1.33/bin/bin/../../lib/gcc/pic32mx/4.5.2/../../../../pic32mx/lib\libpic32.a(default-general-exception-handler.o)
 .debug_abbrev  0x00002aee       0x25 c:/program files (x86)/microchip/xc32/v1.33/bin/bin/../../lib/gcc/pic32mx/4.5.2/../../../../pic32mx/lib\libpic32.a(defaultinterrupt.o)
 .debug_abbrev  0x00002b13       0x25 c:/program files (x86)/microchip/xc32/v1.33/bin/bin/../../lib/gcc/pic32mx/4.5.2/../../../../pic32mx/lib\libc.a(atoi.o)
 .debug_abbrev  0x00002b38        0x1 c:/program files (x86)/microchip/xc32/v1.33/bin/bin/../../lib/gcc/pic32mx/4.5.2/../../../../pic32mx/lib\libc.a(ctype.o)
 .debug_abbrev  0x00002b39       0x25 c:/program files (x86)/microchip/xc32/v1.33/bin/bin/../../lib/gcc/pic32mx/4.5.2/../../../../pic32mx/lib\libc.a(putchar.o)
 .debug_abbrev  0x00002b5e       0x25 c:/program files (x86)/microchip/xc32/v1.33/bin/bin/../../lib/gcc/pic32mx/4.5.2/../../../../pic32mx/lib\libc.a(puts.o)
 .debug_abbrev  0x00002b83       0x25 c:/program files (x86)/microchip/xc32/v1.33/bin/bin/../../lib/gcc/pic32mx/4.5.2/../../../../pic32mx/lib\libc.a(strncpy.o)
 .debug_abbrev  0x00002ba8       0x25 c:/program files (x86)/microchip/xc32/v1.33/bin/bin/../../lib/gcc/pic32mx/4.5.2/../../../../pic32mx/lib\libc.a(strtol.o)
 .debug_abbrev  0x00002bcd       0x25 c:/program files (x86)/microchip/xc32/v1.33/bin/bin/../../lib/gcc/pic32mx/4.5.2/../../../../pic32mx/lib\libc.a(printf_cdnopsuxX.eo)
 .debug_abbrev  0x00002bf2       0x25 c:/program files (x86)/microchip/xc32/v1.33/bin/bin/../../lib/gcc/pic32mx/4.5.2/../../../../pic32mx/lib\libc.a(sprintf_cdnopsuxX.eo)
 .debug_abbrev  0x00002c17        0x1 c:/program files (x86)/microchip/xc32/v1.33/bin/bin/../../lib/gcc/pic32mx/4.5.2/../../../../pic32mx/lib\libc.a(_iob.o)
 .debug_abbrev  0x00002c18       0x25 c:/program files (x86)/microchip/xc32/v1.33/bin/bin/../../lib/gcc/pic32mx/4.5.2/../../../../pic32mx/lib\libc.a(_fputc_simple.o)
 .debug_abbrev  0x00002c3d       0x25 c:/program files (x86)/microchip/xc32/v1.33/bin/bin/../../lib/gcc/pic32mx/4.5.2/../../../../pic32mx/lib\libc.a(ctypef.o)
 .debug_abbrev  0x00002c62        0x1 c:/program files (x86)/microchip/xc32/v1.33/bin/bin/../../lib/gcc/pic32mx/4.5.2/../../../../pic32mx/lib\libc.a(errno.o)
 .debug_abbrev  0x00002c63       0x25 c:/program files (x86)/microchip/xc32/v1.33/bin/bin/../../lib/gcc/pic32mx/4.5.2/../../../../pic32mx/lib\libc.a(doprnt_cdnopsuxX.eo)
 .debug_abbrev  0x00002c88       0x25 c:/program files (x86)/microchip/xc32/v1.33/bin/bin/../../lib/gcc/pic32mx/4.5.2/../../../../pic32mx/lib\libc.a(_flsbuf_simple.o)
 .debug_abbrev  0x00002cad       0x25 c:/program files (x86)/microchip/xc32/v1.33/bin/bin/../../lib/gcc/pic32mx/4.5.2/../../../../pic32mx/lib\libpic32.a(write.o)
 .debug_abbrev  0x00002cd2       0x25 c:/program files (x86)/microchip/xc32/v1.33/bin/bin/../../lib/gcc/pic32mx/4.5.2/../../../../pic32mx/lib\libpic32.a(_mon_putc.o)
 .debug_abbrev  0x00002cf7        0x1 c:/program files (x86)/microchip/xc32/v1.33/bin/bin/../../lib/gcc/pic32mx/4.5.2/../../../../pic32mx/lib\libpic32.a(xc32_uart.o)
 .debug_abbrev  0x00002cf8      0x132 c:/program files (x86)/microchip/xc32/v1.33/bin/bin/../../lib/gcc/pic32mx/4.5.2\libgcc.a(_udivdi3.o)
 .debug_abbrev  0x00002e2a      0x13f c:/program files (x86)/microchip/xc32/v1.33/bin/bin/../../lib/gcc/pic32mx/4.5.2\libgcc.a(_umoddi3.o)

.debug_line     0x00000000     0x6115
 *(.debug_line)
 .debug_line    0x00000000      0x347 build/default/production/_ext/226416843/phalI15693_Sw.o
 .debug_line    0x00000347      0x226 build/default/production/_ext/1543058690/phalI15693.o
 .debug_line    0x0000056d      0x3f5 build/default/production/_ext/841433201/phalI18000p3m3_Sw.o
 .debug_line    0x00000962      0x134 build/default/production/_ext/841433201/phalI18000p3m3_Sw_Int.o
 .debug_line    0x00000a96      0x1b6 build/default/production/_ext/1083465500/phalI18000p3m3.o
 .debug_line    0x00000c4c      0x2e1 build/default/production/_ext/1755563796/phalSli_Sw.o
 .debug_line    0x00000f2d      0x1f4 build/default/production/_ext/192958335/phalSli.o
 .debug_line    0x00001121      0x181 build/default/production/_ext/1147107305/phbalReg.o
 .debug_line    0x000012a2      0x998 build/default/production/_ext/632289455/phhalHw_Rc663.o
 .debug_line    0x00001c3a      0x317 build/default/production/_ext/632289455/phhalHw_Rc663_Cmd.o
 .debug_line    0x00001f51      0x77e build/default/production/_ext/632289455/phhalHw_Rc663_Int.o
 .debug_line    0x000026cf      0x150 build/default/production/_ext/632289455/phhalHw_Rc663_Wait.o
 .debug_line    0x0000281f      0x208 build/default/production/_ext/1870330116/phhalHw.o
 .debug_line    0x00002a27      0x16b build/default/production/_ext/424603049/phOsal_Nortos.o
 .debug_line    0x00002b92      0x42d build/default/production/_ext/521443061/phpalI18000p3m3_Sw.o
 .debug_line    0x00002fbf      0x1ca build/default/production/_ext/2062512958/phpalI18000p3m3.o
 .debug_line    0x00003189      0x3d8 build/default/production/_ext/1962118174/phpalSli15693_Sw.o
 .debug_line    0x00003561      0x1f8 build/default/production/_ext/75335025/phpalSli15693.o
 .debug_line    0x00003759      0x26b build/default/production/_ext/2056939211/phTools.o
 .debug_line    0x000039c4      0x116 build/default/production/_ext/1420065484/icode_common.o
 .debug_line    0x00003ada      0x2ca build/default/production/_ext/1420065484/icode_ilt_commands.o
 .debug_line    0x00003da4      0x4f0 build/default/production/_ext/1420065484/icode_ilt_ui.o
 .debug_line    0x00004294      0x388 build/default/production/_ext/1420065484/icode_sli_commands.o
 .debug_line    0x0000461c      0x5a6 build/default/production/_ext/1420065484/icode_sli_ui.o
 .debug_line    0x00004bc2      0x18d build/default/production/_ext/1420065484/main.o
 .debug_line    0x00004d4f      0x2ac build/default/production/_ext/1071406310/phbalReg_Stub.o
 .debug_line    0x00004ffb       0xff build/default/production/_ext/1071406310/phOsal_Lpc17xx_Int.o
 .debug_line    0x000050fa      0x110 build/default/production/_ext/1071406310/phPlatform.o
 .debug_line    0x0000520a      0x141 build/default/production/_ext/1360900855/phhwConfig.o
 .debug_line    0x0000534b       0x7c build/default/production/main.o
 .debug_line    0x000053c7       0x7b c:/program files (x86)/microchip/xc32/v1.33/bin/bin/../../lib/gcc/pic32mx/4.5.2/../../../../pic32mx/lib\libmchp_peripheral_32MX795F512L.a(spi_chn_getc_lib.o)
 .debug_line    0x00005442       0x7b c:/program files (x86)/microchip/xc32/v1.33/bin/bin/../../lib/gcc/pic32mx/4.5.2/../../../../pic32mx/lib\libmchp_peripheral_32MX795F512L.a(spi_chn_gets_lib.o)
 .debug_line    0x000054bd       0x7b c:/program files (x86)/microchip/xc32/v1.33/bin/bin/../../lib/gcc/pic32mx/4.5.2/../../../../pic32mx/lib\libmchp_peripheral_32MX795F512L.a(spi_chn_putc_lib.o)
 .debug_line    0x00005538        0x0 c:/program files (x86)/microchip/xc32/v1.33/bin/bin/../../lib/gcc/pic32mx/4.5.2/../../../../pic32mx/lib\libmchp_peripheral_32MX795F512L.a(spi_map_tbl_libp.o)
 .debug_line    0x00005538       0x8e c:/program files (x86)/microchip/xc32/v1.33/bin/bin/../../lib/gcc/pic32mx/4.5.2\libgcc.a(floatunsisf.o)
 .debug_line    0x000055c6       0x97 c:/program files (x86)/microchip/xc32/v1.33/bin/bin/../../lib/gcc/pic32mx/4.5.2/../../../../pic32mx/lib\libpic32.a(default-bootstrap-exception-handler.o)
 .debug_line    0x0000565d       0x84 c:/program files (x86)/microchip/xc32/v1.33/bin/bin/../../lib/gcc/pic32mx/4.5.2/../../../../pic32mx/lib\libpic32.a(default-on-reset.o)
 .debug_line    0x000056e1       0x88 c:/program files (x86)/microchip/xc32/v1.33/bin/bin/../../lib/gcc/pic32mx/4.5.2/../../../../pic32mx/lib\libpic32.a(default-on-bootstrap.o)
 .debug_line    0x00005769       0x95 c:/program files (x86)/microchip/xc32/v1.33/bin/bin/../../lib/gcc/pic32mx/4.5.2/../../../../pic32mx/lib\libpic32.a(default-general-exception-handler.o)
 .debug_line    0x000057fe       0x96 c:/program files (x86)/microchip/xc32/v1.33/bin/bin/../../lib/gcc/pic32mx/4.5.2/../../../../pic32mx/lib\libpic32.a(defaultinterrupt.o)
 .debug_line    0x00005894       0x6e c:/program files (x86)/microchip/xc32/v1.33/bin/bin/../../lib/gcc/pic32mx/4.5.2/../../../../pic32mx/lib\libc.a(atoi.o)
 .debug_line    0x00005902        0x0 c:/program files (x86)/microchip/xc32/v1.33/bin/bin/../../lib/gcc/pic32mx/4.5.2/../../../../pic32mx/lib\libc.a(ctype.o)