Microchip MPLAB XC8 Compiler V1.33 ()

Linker command line:

-W-3 --edf=I:\IDE\Firmware\Microchip\xc8\dat\en_msgs.txt -cs \
  -h+dist/default/production\BelIcodeClrc663.X.production.sym \
  --cmf=dist/default/production\BelIcodeClrc663.X.production.cmf -z \
  -Q18LF46K80 -oC:\Users\RZAZO_~1\AppData\Local\Temp\sdl4.6 \
  -Mdist/default/production/BelIcodeClrc663.X.production.map -E1 -ver=XC8 \
  -ASTACK=0300h-09ffh -pstack=STACK -ACODE=00h-0FFFFh -ACONST=00h-0FFFFh \
  -ASMALLCONST=0F00h-0FFFhx241 -AMEDIUMCONST=0F00h-0FFFFh -ACOMRAM=01h-05Fh \
  -AABS1=00h-0E40h -ABIGRAM=01h-0E40h \
  -ARAM=060h-0FFh,0100h-01FFhx13,0E00h-0E40h -ABANK0=060h-0FFh \
  -ABANK1=0100h-01FFh -ABANK2=0200h-02FFh -ABANK3=0300h-03FFh \
  -ABANK4=0400h-04FFh -ABANK5=0500h-05FFh -ABANK6=0600h-06FFh \
  -ABANK7=0700h-07FFh -ABANK8=0800h-08FFh -ABANK9=0900h-09FFh \
  -ABANK10=0A00h-0AFFh -ABANK11=0B00h-0BFFh -ABANK12=0C00h-0CFFh \
  -ABANK13=0D00h-0DFFh -ABANK14=0E00h-0E40h \
  -ASFR=0E41h-0EFFh,0F00h-0F5Fh,0F60h-0FFFh \
  -preset_vec=00h,intcode=08h,intcodelo,powerup,init,end_init \
  -pramtop=0F00h -psmallconst=SMALLCONST -pmediumconst=MEDIUMCONST \
  -pconst=CONST -AFARRAM=00h-00h -ACONFIG=0300000h-030000Dh -pconfig=CONFIG \
  -AIDLOC=0200000h-0200007h -pidloc=IDLOC -AEEDATA=0F00000h-0F003FFh \
  -peeprom_data=EEDATA \
  -prdata=COMRAM,nvrram=COMRAM,nvbit=COMRAM,rbss=COMRAM,rbit=COMRAM \
  -pfarbss=FARRAM,fardata=FARRAM,nvFARRAM=FARRAM \
  -pintsave_regs=BIGRAM,bigbss=BIGRAM,bigdata=BIGRAM -pbss=RAM \
  -pidata=CODE,irdata=CODE,ibigdata=CODE,ifardata=CODE \
  C:\Users\RZAZO_~1\AppData\Local\Temp\sdl4.obj \
  dist/default/production\BelIcodeClrc663.X.production.obj 

Object code version is 3.11

Machine type is 18LF46K80

Call graph: (short form)




                Name                               Link     Load   Length Selector   Space Scale
C:\Users\RZAZO_~1\AppData\Local\Temp\sdl4.obj
                end_init                             90       90        4        4       0
                reset_vec                             0        0        4        0       0
                idloc                            200000   200000        8   200000       0
                config                           300000   300000        E   300000       0
dist/default/production\BelIcodeClrc663.X.production.obj
                intcode                               8        8       88        4       0
                mediumconst                        D624     D624     29DC     6B12       0
                text16                              29A      29A        2        4       0
                text15                              1B6      1B6       32        4       0
                text14                              298      298        2        4       0
                text13                              184      184       32        4       0
                text11                              288      288        8        4       0
                text10                              242      242       12        4       0
                text9                               1E8      1E8       2A        4       0
                text8                               270      270        E        4       0
                text7                               262      262        E        4       0
                text6                               294      294        4        4       0
                text5                               142      142       42        4       0
                text4                               254      254        E        4       0
                text3                               290      290        4        4       0
                text2                                FA       FA       48        4       0
                text1                               212      212       1A        4       0
                text0                               27E      27E        A        4       0
                cstackCOMRAM                         3C       3C       11        1       1
                cstackBANK0                          D7       D7        4       60       1
                bssBANK2                            200      200      100      200       1
                bssBANK1                            100      100      100      100       1
                bssBANK0                             60       60       77       60       1
                dataCOMRAM                           26       26       16        1       1
                bssCOMRAM                             1        1       25        1       1
                cinit                                94       94       66        4       0
                nvCOMRAM                             4D       4D        8        1       1
                idataCOMRAM                         22C      22C       16        4       0

TOTAL           Name                               Link     Load   Length     Space
        CLASS   STACK          

        CLASS   CODE           
                end_init                             90       90        4         0
                intcode                               8        8       88         0
                reset_vec                             0        0        4         0
                text16                              29A      29A        2         0
                text15                              1B6      1B6       32         0
                text14                              298      298        2         0
                text13                              184      184       32         0
                text11                              288      288        8         0
                text10                              242      242       12         0
                text9                               1E8      1E8       2A         0
                text8                               270      270        E         0
                text7                               262      262        E         0
                text6                               294      294        4         0
                text5                               142      142       42         0
                text4                               254      254        E         0
                text3                               290      290        4         0
                text2                                FA       FA       48         0
                text1                               212      212       1A         0
                text0                               27E      27E        A         0
                cinit                                94       94       66         0
                idataCOMRAM                         22C      22C       16         0

        CLASS   CONST          

        CLASS   SMALLCONST     

        CLASS   MEDIUMCONST    
                mediumconst                        D624     D624     29DC         0

        CLASS   COMRAM         
                cstackCOMRAM                         3C       3C       11         1
                dataCOMRAM                           26       26       16         1
                bssCOMRAM                             1        1       25         1
                nvCOMRAM                             4D       4D        8         1

        CLASS   ABS1           

        CLASS   BIGRAM         

        CLASS   RAM            

        CLASS   BANK0          
                cstackBANK0                          D7       D7        4         1
                bssBANK0                             60       60       77         1

        CLASS   BANK1          
                bssBANK1                            100      100      100         1

        CLASS   BANK2          
                bssBANK2                            200      200      100         1

        CLASS   BANK3          

        CLASS   BANK4          

        CLASS   BANK5          

        CLASS   BANK6          

        CLASS   BANK7          

        CLASS   BANK8          

        CLASS   BANK9          

        CLASS   BANK10         

        CLASS   BANK11         

        CLASS   BANK12         

        CLASS   BANK13         

        CLASS   BANK14         

        CLASS   SFR            

        CLASS   FARRAM         

        CLASS   CONFIG         
                config                           300000   300000        E         0

        CLASS   IDLOC          
                idloc                            200000   200000        8         0

        CLASS   EEDATA         



SEGMENTS        Name                           Load    Length   Top    Selector   Space  Class

                reset_vec                      000000  000004  000004         0       0  CODE    
                bssCOMRAM                      000001  000054  000055         1       1  COMRAM  
                intcode                        000008  000294  00029C         4       0  CODE    
                bssBANK0                       000060  00007B  0000DB        60       1  BANK0   
                bssBANK1                       000100  000100  000200       100       1  BANK1   
                bssBANK2                       000200  000100  000300       200       1  BANK2   
                mediumconst                    00D624  0029DC  010000      6B12       0  MEDIUMCO
                idloc                          200000  000008  200008    200000       0  IDLOC   
                config                         300000  00000E  30000E    300000       0  CONFIG  


UNUSED ADDRESS RANGES

        Name                Unused          Largest block    Delta
        BANK0            0000DB-0000FF               25
        BANK10           000A00-000AFF              100
        BANK11           000B00-000BFF              100
        BANK12           000C00-000CFF              100
        BANK13           000D00-000DFF              100
        BANK14           000E00-000E40               41
        BANK3            000300-0003FF              100
        BANK4            000400-0004FF              100
        BANK5            000500-0005FF              100
        BANK6            000600-0006FF              100
        BANK7            000700-0007FF              100
        BANK8            000800-0008FF              100
        BANK9            000900-0009FF              100
        BIGRAM           000055-00005F                B
                         0000DB-0000FF               25
                         000300-000E40              B41
        CODE             000004-000007                4
                         00029C-00D623             D388
        COMRAM           000055-00005F                B
        CONST            000004-000007                4
                         00029C-00D623             D388
        EEDATA           F00000-F003FF              400
        MEDIUMCONST      000F00-00D623             C724
        RAM              0000DB-0000FF               25
                         000300-000E40              100
        SFR              000E41-000FFF               BF
        SMALLCONST       000F00-00D623              100
        STACK            000300-0009FF              700

                                  Symbol Table

FastInventoryPopullation_15693_Int@aDataDummy       bssCOMRAM    000016
FastInventoryPopullation_15693_Int@bDsfid           bssCOMRAM    000020
FastInventoryPopullation_15693_Int@bUidLengthDummy  bssCOMRAM    000021
FastInventoryPopullation_15693_Int@wDataLengthDummy bssCOMRAM    00001A
InventoryPopullation_15693_Int@bDataDummy           bssCOMRAM    000022
InventoryPopullation_15693_Int@bDsfid               bssCOMRAM    000023
InventoryPopullation_15693_Int@bUidLengthDummy      bssCOMRAM    000024
InventoryPopullation_15693_Int@wDataLengthDummy     bssCOMRAM    00001C
Inventory_18000p3m3@F19302                          bssCOMRAM    000007
SimpleInventory_18000p3m3@F19292                    bssCOMRAM    000009
TMR0_SetInterruptHandler@InterruptHandler           cstackBANK0  0000D7
TMR1_SetInterruptHandler@InterruptHandler           cstackBANK0  0000D7
WriteSingleBlock_SLI@F19615                         dataCOMRAM   000026
_CRP_WORD                                           mediumconst  00D6A3
_INTCON2bits                                        (abs)        000FF1
_INTCONbits                                         (abs)        000FF2
_INTERRUPT_Initialize                               text11       000288
_INTERRUPT_InterruptManager                         intcode      000008
_IPEN                                               (abs)        007E87
_IPR1bits                                           (abs)        000F9F
_LATA                                               (abs)        000F89
_LATB                                               (abs)        000F8A
_LATC                                               (abs)        000F8B
_LATD                                               (abs)        000F8C
_LATE                                               (abs)        000F8D
_OSCCON                                             (abs)        000FD3
_OSCCON2                                            (abs)        000FD2
_OSCILLATOR_Initialize                              text10       000242
_OSCTUNE                                            (abs)        000F9B
_PIE1bits                                           (abs)        000F9D
_PIN_MANAGER_Initialize                             text9        0001E8
_PIR1bits                                           (abs)        000F9E
_REFOCON                                            (abs)        000F9A
_SPI_Initialize                                     text8        000270
_SSPADD                                             (abs)        000FC8
_SSPBUF                                             (abs)        000FC9
_SSPCON1                                            (abs)        000FC6
_SSPCON1bits                                        (abs)        000FC6
_SSPSTAT                                            (abs)        000FC7
_SSPSTATbits                                        (abs)        000FC7
_SYSTEM_Initialize                                  text1        000212
_T0CON                                              (abs)        000FD5
_T0CONbits                                          (abs)        000FD5
_T1CON                                              (abs)        000FCD
_T1CONbits                                          (abs)        000FCD
_T1GCON                                             (abs)        000FAA
_T1GCONbits                                         (abs)        000FAA
_TMR0H                                              (abs)        000FD7
_TMR0L                                              (abs)        000FD6
_TMR0_DefaultInterruptHandler                       text16       00029A
_TMR0_ISR                                           text15       0001B6
_TMR0_Initialize                                    text5        000142
_TMR0_InterruptHandler                              nvCOMRAM     00004D
_TMR0_SetInterruptHandler                           text7        000262
_TMR0_StartTimer                                    text6        000294
_TMR1H                                              (abs)        000FCF
_TMR1L                                              (abs)        000FCE
_TMR1_DefaultInterruptHandler                       text14       000298
_TMR1_ISR                                           text13       000184
_TMR1_Initialize                                    text2        0000FA
_TMR1_InterruptHandler                              nvCOMRAM     00004F
_TMR1_SetInterruptHandler                           text4        000254
_TMR1_StartTimer                                    text3        000290
_TRISA                                              (abs)        000F92
_TRISB                                              (abs)        000F93
_TRISC                                              (abs)        000F94
_TRISD                                              (abs)        000F95
_TRISE                                              (abs)        000F96
_WPUB                                               (abs)        000F5B
__CFG_BBSIZ$BB2K                                    (abs)        000000
__CFG_BOREN$SBORDIS                                 (abs)        000000
__CFG_BORPWR$ZPBORMV                                (abs)        000000
__CFG_BORV$3                                        (abs)        000000
__CFG_CANMX$PORTB                                   (abs)        000000
__CFG_CP0$OFF                                       (abs)        000000
__CFG_CP1$OFF                                       (abs)        000000
__CFG_CP2$OFF                                       (abs)        000000
__CFG_CP3$OFF                                       (abs)        000000
__CFG_CPB$OFF                                       (abs)        000000
__CFG_CPD$OFF                                       (abs)        000000
__CFG_EBTR0$OFF                                     (abs)        000000
__CFG_EBTR1$OFF                                     (abs)        000000
__CFG_EBTR2$OFF                                     (abs)        000000
__CFG_EBTR3$OFF                                     (abs)        000000
__CFG_EBTRB$OFF                                     (abs)        000000
__CFG_FCMEN$OFF                                     (abs)        000000
__CFG_FOSC$INTIO1                                   (abs)        000000
__CFG_IESO$OFF                                      (abs)        000000
__CFG_INTOSCSEL$HIGH                                (abs)        000000
__CFG_MCLRE$ON                                      (abs)        000000
__CFG_MSSPMSK$MSK7                                  (abs)        000000
__CFG_PLLCFG$ON                                     (abs)        000000
__CFG_PWRTEN$OFF                                    (abs)        000000
__CFG_RETEN$OFF                                     (abs)        000000
__CFG_SOSCSEL$HIGH                                  (abs)        000000
__CFG_STVREN$ON                                     (abs)        000000
__CFG_WDTEN$OFF                                     (abs)        000000
__CFG_WDTPS$1048576                                 (abs)        000000
__CFG_WRT0$OFF                                      (abs)        000000
__CFG_WRT1$OFF                                      (abs)        000000
__CFG_WRT2$OFF                                      (abs)        000000
__CFG_WRT3$OFF                                      (abs)        000000
__CFG_WRTB$OFF                                      (abs)        000000
__CFG_WRTC$OFF                                      (abs)        000000
__CFG_WRTD$OFF                                      (abs)        000000
__CFG_XINST$OFF                                     (abs)        000000
__HRAM                                              (abs)        000000
__Habs1                                             abs1         000000
__Hbank0                                            bank0        000000
__Hbank1                                            bank1        000000
__Hbank10                                           bank10       000000
__Hbank11                                           bank11       000000
__Hbank12                                           bank12       000000
__Hbank13                                           bank13       000000
__Hbank14                                           bank14       000000
__Hbank2                                            bank2        000000
__Hbank3                                            bank3        000000
__Hbank4                                            bank4        000000
__Hbank5                                            bank5        000000
__Hbank6                                            bank6        000000
__Hbank7                                            bank7        000000
__Hbank8                                            bank8        000000
__Hbank9                                            bank9        000000
__Hbigbss                                           bigbss       000000
__Hbigdata                                          bigdata      000000
__Hbigram                                           bigram       000000
__Hbss                                              bss          000000
__HbssBANK0                                         bssBANK0     000000
__HbssBANK1                                         bssBANK1     000000
__HbssBANK2                                         bssBANK2     000000
__HbssCOMRAM                                        bssCOMRAM    000000
__Hcinit                                            cinit        000000
__Hclrtext                                          clrtext      000000
__Hcomram                                           comram       000000
__Hconfig                                           config       30000E
__Hconst                                            const        000000
__HcstackBANK0                                      cstackBANK0  000000
__HcstackCOMRAM                                     cstackCOMRAM 000000
__Hdata                                             data         000000
__HdataCOMRAM                                       dataCOMRAM   000000
__Heeprom_data                                      eeprom_data  000000
__Hend_init                                         end_init     000094
__Hfarbss                                           farbss       000000
__Hfardata                                          fardata      000000
__Hibigdata                                         ibigdata     000000
__Hidata                                            idata        000000
__HidataCOMRAM                                      idataCOMRAM  000000
__Hidloc                                            idloc        200008
__Hifardata                                         ifardata     000000
__Hinit                                             init         000090
__Hintcode                                          intcode      000090
__Hintcode_body                                     intcode_body 000000
__Hintcodelo                                        intcodelo    000090
__Hintentry                                         intentry     000000
__Hintret                                           intret       000000
__Hintsave_regs                                     intsave_regs 000000
__Hirdata                                           irdata       000000
__Hmediumconst                                      mediumconst  010000
__HnvCOMRAM                                         nvCOMRAM     000000
__HnvFARRAM                                         nvFARRAM     000000
__Hnvbit                                            nvbit        000000
__Hnvrram                                           nvrram       000000
__Hparam                                            rparam       000000
__Hpowerup                                          powerup      000090
__Hram                                              ram          000000
__Hramtop                                           ramtop       000F00
__Hrbit                                             rbit         000000
__Hrbss                                             rbss         000000
__Hrdata                                            rdata        000000
__Hreset_vec                                        reset_vec    000004
__Hrparam                                           rparam       000000
__Hsfr                                              sfr          000000
__Hsmallconst                                       smallconst   000000
__Hspace_0                                          (abs)        30000E
__Hspace_1                                          (abs)        000300
__Hspace_2                                          (abs)        000000
__Hstack                                            stack        000000
__Hstruct                                           struct       000000
__Htemp                                             temp         000000
__Htext                                             text         000000
__Htext0                                            text0        000000
__Htext1                                            text1        000000
__Htext10                                           text10       000000
__Htext11                                           text11       000000
__Htext13                                           text13       000000
__Htext14                                           text14       000000
__Htext15                                           text15       000000
__Htext16                                           text16       000000
__Htext17                                           text17       000000
__Htext2                                            text2        000000
__Htext3                                            text3        000000
__Htext4                                            text4        000000
__Htext5                                            text5        000000
__Htext6                                            text6        000000
__Htext7                                            text7        000000
__Htext8                                            text8        000000
__Htext9                                            text9        000000
__LRAM                                              (abs)        000001
__Labs1                                             abs1         000000
__Lbank0                                            bank0        000000
__Lbank1                                            bank1        000000
__Lbank10                                           bank10       000000
__Lbank11                                           bank11       000000
__Lbank12                                           bank12       000000
__Lbank13                                           bank13       000000
__Lbank14                                           bank14       000000
__Lbank2                                            bank2        000000
__Lbank3                                            bank3        000000
__Lbank4                                            bank4        000000
__Lbank5                                            bank5        000000
__Lbank6                                            bank6        000000
__Lbank7                                            bank7        000000
__Lbank8                                            bank8        000000
__Lbank9                                            bank9        000000
__Lbigbss                                           bigbss       000000
__Lbigdata                                          bigdata      000000
__Lbigram                                           bigram       000000
__Lbss                                              bss          000000
__LbssBANK0                                         bssBANK0     000000
__LbssBANK1                                         bssBANK1     000000
__LbssBANK2                                         bssBANK2     000000
__LbssCOMRAM                                        bssCOMRAM    000000
__Lcinit                                            cinit        000000
__Lclrtext                                          clrtext      000000
__Lcomram                                           comram       000000
__Lconfig                                           config       300000
__Lconst                                            const        000000
__LcstackBANK0                                      cstackBANK0  000000
__LcstackCOMRAM                                     cstackCOMRAM 000000
__Ldata                                             data         000000
__LdataCOMRAM                                       dataCOMRAM   000000
__Leeprom_data                                      eeprom_data  000000
__Lend_init                                         end_init     000090
__Lfarbss                                           farbss       000000
__Lfardata                                          fardata      000000
__Libigdata                                         ibigdata     000000
__Lidata                                            idata        000000
__LidataCOMRAM                                      idataCOMRAM  000000
__Lidloc                                            idloc        200000
__Lifardata                                         ifardata     000000
__Linit                                             init         000090
__Lintcode                                          intcode      000008
__Lintcode_body                                     intcode_body 000000
__Lintcodelo                                        intcodelo    000090
__Lintentry                                         intentry     000000
__Lintret                                           intret       000000
__Lintsave_regs                                     intsave_regs 000000
__Lirdata                                           irdata       000000
__Lmediumconst                                      mediumconst  00D624
__LnvCOMRAM                                         nvCOMRAM     000000
__LnvFARRAM                                         nvFARRAM     000000
__Lnvbit                                            nvbit        000000
__Lnvrram                                           nvrram       000000
__Lparam                                            rparam       000000
__Lpowerup                                          powerup      000090
__Lram                                              ram          000000
__Lramtop                                           ramtop       000F00
__Lrbit                                             rbit         000000
__Lrbss                                             rbss         000000
__Lrdata                                            rdata        000000
__Lreset_vec                                        reset_vec    000000
__Lrparam                                           rparam       000000
__Lsfr                                              sfr          000000
__Lsmallconst                                       smallconst   000000
__Lspace_0                                          (abs)        000000
__Lspace_1                                          (abs)        000000
__Lspace_2                                          (abs)        000000
__Lstack                                            stack        000000
__Lstruct                                           struct       000000
__Ltemp                                             temp         000000
__Ltext                                             text         000000
__Ltext0                                            text0        000000
__Ltext1                                            text1        000000
__Ltext10                                           text10       000000
__Ltext11                                           text11       000000
__Ltext13                                           text13       000000
__Ltext14                                           text14       000000
__Ltext15                                           text15       000000
__Ltext16                                           text16       000000
__Ltext17                                           text17       000000
__Ltext2                                            text2        000000
__Ltext3                                            text3        000000
__Ltext4                                            text4        000000
__Ltext5                                            text5        000000
__Ltext6                                            text6        000000
__Ltext7                                            text7        000000
__Ltext8                                            text8        000000
__Ltext9                                            text9        000000
__S0                                                (abs)        30000E
__S1                                                (abs)        000300
__S2                                                (abs)        000000
___inthi_sp                                         stack        000000
___intlo_sp                                         stack        000000
___sp                                               stack        000000
__accesstop                                         (abs)        000060
__activetblptr                                      (abs)        000003
__end_of_CRP_WORD                                   mediumconst  00D6A5
__end_of_INTERRUPT_Initialize                       text11       000290
__end_of_INTERRUPT_InterruptManager                 intcode      000090
__end_of_OSCILLATOR_Initialize                      text10       000254
__end_of_PIN_MANAGER_Initialize                     text9        000212
__end_of_SPI_Initialize                             text8        00027E
__end_of_SYSTEM_Initialize                          text1        00022C
__end_of_TMR0_DefaultInterruptHandler               text16       00029C
__end_of_TMR0_ISR                                   text15       0001E8
__end_of_TMR0_Initialize                            text5        000184
__end_of_TMR0_SetInterruptHandler                   text7        000270
__end_of_TMR0_StartTimer                            text6        000298
__end_of_TMR1_DefaultInterruptHandler               text14       00029A
__end_of_TMR1_ISR                                   text13       0001B6
__end_of_TMR1_Initialize                            text2        000142
__end_of_TMR1_SetInterruptHandler                   text4        000262
__end_of_TMR1_StartTimer                            text3        000294
__end_of__initialization                            cinit        0000F4
__end_of__stringdata                                mediumconst  00FFFF
__end_of_bAccessPassword1                           mediumconst  00D9B1
__end_of_bAccessPassword2                           mediumconst  00D9B3
__end_of_cHelloWord                                 mediumconst  00D9A4
__end_of_cHelloWord_Size                            mediumconst  00D6A7
__end_of_cTableLine                                 mediumconst  00D850
__end_of_cTableLine2                                mediumconst  00D88A
__end_of_cTableReturn                               mediumconst  00D9AF
__end_of_cTableReturnMain                           mediumconst  00D868
__end_of_cTryAgain                                  mediumconst  00D87A
__end_of_dpowers                                    mediumconst  00D69B
__end_of_gkphhalHw_Rc663_DigiDelays_Us              mediumconst  00D65D
__end_of_gkphhalHw_Rc663_EMVCO_I14443B_106          mediumconst  00D899
__end_of_gkphhalHw_Rc663_EpcUid                     mediumconst  00D8A8
__end_of_gkphhalHw_Rc663_Felica_212                 mediumconst  00D8B7
__end_of_gkphhalHw_Rc663_Felica_424                 mediumconst  00D8C6
__end_of_gkphhalHw_Rc663_I14443A_106                mediumconst  00D8D5
__end_of_gkphhalHw_Rc663_I14443A_212                mediumconst  00D8E4
__end_of_gkphhalHw_Rc663_I14443A_424                mediumconst  00D8F3
__end_of_gkphhalHw_Rc663_I14443A_848                mediumconst  00D902
__end_of_gkphhalHw_Rc663_I14443B_106                mediumconst  00D911
__end_of_gkphhalHw_Rc663_I14443B_212                mediumconst  00D920
__end_of_gkphhalHw_Rc663_I14443B_424                mediumconst  00D92F
__end_of_gkphhalHw_Rc663_I14443B_848                mediumconst  00D93E
__end_of_gkphhalHw_Rc663_I15693_Fast_High           mediumconst  00D94D
__end_of_gkphhalHw_Rc663_I15693_High                mediumconst  00D95C
__end_of_gkphhalHw_Rc663_I18000p3m3_DSM2            mediumconst  00D96B
__end_of_gkphhalHw_Rc663_I18000p3m3_DSM4            mediumconst  00D97A
__end_of_gkphhalHw_Rc663_I18000p3m3_QSM2            mediumconst  00D989
__end_of_gkphhalHw_Rc663_I18000p3m3_QSM4            mediumconst  00D998
__end_of_gkphhalHw_Rc663_Registers                  mediumconst  00D685
__end_of_hexpowers                                  mediumconst  00D6A3
__end_of_main                                       text0        000288
__end_of_octpowers                                  mediumconst  00D691
__end_of_wRc663_DefaultShadow_EpcUid                mediumconst  00D733
__end_of_wRc663_DefaultShadow_Felica                mediumconst  00D75F
__end_of_wRc663_DefaultShadow_Felica_424            mediumconst  00D78B
__end_of_wRc663_DefaultShadow_I14443a               mediumconst  00D80B
__end_of_wRc663_DefaultShadow_I14443b               mediumconst  00D7B7
__end_of_wRc663_DefaultShadow_I15693                mediumconst  00D6D7
__end_of_wRc663_DefaultShadow_I18000p3m3            mediumconst  00D707
__end_of_wRc663_Emvco_I14443a_DefaultShadow         mediumconst  00D833
__end_of_wRc663_Emvco_I14443b_DefaultShadow         mediumconst  00D7E3
__end_ofphTools_GetVersion@F517                     mediumconst  00D676
__initialization                                    cinit        000094
__mediumconst                                       mediumconst  00D624
__pbssBANK0                                         bssBANK0     000060
__pbssBANK1                                         bssBANK1     000100
__pbssBANK2                                         bssBANK2     000200
__pbssCOMRAM                                        bssCOMRAM    000001
__pcinit                                            cinit        000094
__pcstackBANK0                                      cstackBANK0  0000D7
__pcstackCOMRAM                                     cstackCOMRAM 00003C
__pdataCOMRAM                                       dataCOMRAM   000026
__pidataCOMRAM                                      idataCOMRAM  00022C
__pintcode                                          intcode      000008
__pmediumconst                                      mediumconst  00D624
__pnvCOMRAM                                         nvCOMRAM     00004D
__ptext0                                            text0        00027E
__ptext1                                            text1        000212
__ptext10                                           text10       000242
__ptext11                                           text11       000288
__ptext13                                           text13       000184
__ptext14                                           text14       000298
__ptext15                                           text15       0001B6
__ptext16                                           text16       00029A
__ptext17                                           text17       000000
__ptext2                                            text2        0000FA
__ptext3                                            text3        000290
__ptext4                                            text4        000254
__ptext5                                            text5        000142
__ptext6                                            text6        000294
__ptext7                                            text7        000262
__ptext8                                            text8        000270
__ptext9                                            text9        0001E8
__ramtop                                            ramtop       000F00
__size_of_INTERRUPT_Initialize                      (abs)        000000
__size_of_INTERRUPT_InterruptManager                (abs)        000000
__size_of_OSCILLATOR_Initialize                     (abs)        000000
__size_of_PIN_MANAGER_Initialize                    (abs)        000000
__size_of_SPI_Initialize                            (abs)        000000
__size_of_SYSTEM_Initialize                         (abs)        000000
__size_of_TMR0_DefaultInterruptHandler              (abs)        000000
__size_of_TMR0_ISR                                  (abs)        000000
__size_of_TMR0_Initialize                           (abs)        000000
__size_of_TMR0_SetInterruptHandler                  (abs)        000000
__size_of_TMR0_StartTimer                           (abs)        000000
__size_of_TMR1_DefaultInterruptHandler              (abs)        000000
__size_of_TMR1_ISR                                  (abs)        000000
__size_of_TMR1_Initialize                           (abs)        000000
__size_of_TMR1_SetInterruptHandler                  (abs)        000000
__size_of_TMR1_StartTimer                           (abs)        000000
__size_of_main                                      (abs)        000000
__smallconst                                        smallconst   000000
__stringdata                                        mediumconst  00D9B3
_bAccessPassword1                                   mediumconst  00D9AF
_bAccessPassword2                                   mediumconst  00D9B1
_bHalBufferRx                                       bssBANK2     000200
_bHalBufferTx                                       bssBANK1     000100
_bString                                            bssCOMRAM    000025
_cHelloWord                                         mediumconst  00D998
_cHelloWord_Size                                    mediumconst  00D6A5
_cTableLine                                         mediumconst  00D833
_cTableLine2                                        mediumconst  00D87A
_cTableReturn                                       mediumconst  00D9A4
_cTableReturnMain                                   mediumconst  00D850
_cTryAgain                                          mediumconst  00D868
_dpowers                                            mediumconst  00D691
_errno                                              bssCOMRAM    00000B
_gkphhalHw_Rc663_DigiDelays_Us                      mediumconst  00D625
_gkphhalHw_Rc663_EMVCO_I14443B_106                  mediumconst  00D88A
_gkphhalHw_Rc663_EpcUid                             mediumconst  00D899
_gkphhalHw_Rc663_Felica_212                         mediumconst  00D8A8
_gkphhalHw_Rc663_Felica_424                         mediumconst  00D8B7
_gkphhalHw_Rc663_I14443A_106                        mediumconst  00D8C6
_gkphhalHw_Rc663_I14443A_212                        mediumconst  00D8D5
_gkphhalHw_Rc663_I14443A_424                        mediumconst  00D8E4
_gkphhalHw_Rc663_I14443A_848                        mediumconst  00D8F3
_gkphhalHw_Rc663_I14443B_106                        mediumconst  00D902
_gkphhalHw_Rc663_I14443B_212                        mediumconst  00D911
_gkphhalHw_Rc663_I14443B_424                        mediumconst  00D920
_gkphhalHw_Rc663_I14443B_848                        mediumconst  00D92F
_gkphhalHw_Rc663_I15693_Fast_High                   mediumconst  00D93E
_gkphhalHw_Rc663_I15693_High                        mediumconst  00D94D
_gkphhalHw_Rc663_I18000p3m3_DSM2                    mediumconst  00D95C
_gkphhalHw_Rc663_I18000p3m3_DSM4                    mediumconst  00D96B
_gkphhalHw_Rc663_I18000p3m3_QSM2                    mediumconst  00D97A
_gkphhalHw_Rc663_I18000p3m3_QSM4                    mediumconst  00D989
_gkphhalHw_Rc663_Registers                          mediumconst  00D676
_gphOsal_EventISR                                   bssCOMRAM    00001E
_gphOsal_EvtDetail                                  bssCOMRAM    00000D
_gphOsal_EvtLastDest                                dataCOMRAM   00002A
_gphOsal_EvtLastSource                              dataCOMRAM   00002C
_hexpowers                                          mediumconst  00D69B
_main                                               text0        00027E
_octpowers                                          mediumconst  00D685
_pTimerOsal                                         bssCOMRAM    00000F
_phhalHw_Rc663_GetReg                               dataCOMRAM   000036
_phhalHw_Rc663_SetReg                               dataCOMRAM   00002E
_putch                                              (abs)        000000
_sBalReader                                         bssCOMRAM    000011
_sHalReader                                         bssBANK0     000060
_sPlatform                                          bssBANK0     0000BD
_setTimeoutFlag                                     (abs)        000000
_timer0ReloadVal                                    nvCOMRAM     000051
_timer1ReloadVal                                    nvCOMRAM     000053
_wRc663_DefaultShadow_EpcUid                        mediumconst  00D707
_wRc663_DefaultShadow_Felica                        mediumconst  00D733
_wRc663_DefaultShadow_Felica_424                    mediumconst  00D75F
_wRc663_DefaultShadow_I14443a                       mediumconst  00D7E3
_wRc663_DefaultShadow_I14443b                       mediumconst  00D78B
_wRc663_DefaultShadow_I15693                        mediumconst  00D6A7
_wRc663_DefaultShadow_I18000p3m3                    mediumconst  00D6D7
_wRc663_Emvco_I14443a_DefaultShadow                 mediumconst  00D80B
_wRc663_Emvco_I14443b_DefaultShadow                 mediumconst  00D7B7
end_of_initialization                               cinit        0000F4
intlevel0                                           text         000000
intlevel1                                           text         000000
intlevel2                                           text         000000
intlevel3                                           text         000000
phTools_GetVersion@F517                             mediumconst  00D65D
phhalHw_Rc663_CheckForEmdError@F1075                bssCOMRAM    000001
stackhi                                             (abs)        0009FF
stacklo                                             (abs)        000300
start                                               init         000090
start_initialization                                cinit        000094


FUNCTION INFORMATION:

 *************** function _main *****************
 Defined at:
		line 51 in file "main.c"
 Parameters:    Size  Location     Type
		None
 Auto vars:     Size  Location     Type
		None
 Return value:  Size  Location     Type
		None               void
 Registers used:
		wreg, status,2, status,0, cstack
 Tracked objects:
		On entry : 
		On exit  : 
		Unchanged: 
 Data sizes:     COMRAM   BANK0   BANK1   BANK2   BANK3   BANK4   BANK5   BANK6   BANK7   BANK8   BANK9  BANK10  BANK11  BANK12  BANK13  BANK14
      Params:         0       0       0       0       0       0       0       0       0       0       0       0       0       0       0       0
      Locals:         0       0       0       0       0       0       0       0       0       0       0       0       0       0       0       0
      Temps:          0       0       0       0       0       0       0       0       0       0       0       0       0       0       0       0
      Totals:         0       0       0       0       0       0       0       0       0       0       0       0       0       0       0       0
Total ram usage:        0 bytes
 Hardware stack levels required when called:    6
 This function calls:
		_SYSTEM_Initialize
 This function is called by:
		Startup code after reset
 This function uses a non-reentrant model


 *************** function _SYSTEM_Initialize *****************
 Defined at:
		line 111 in file "mcc_generated_files/mcc.c"
 Parameters:    Size  Location     Type
		None
 Auto vars:     Size  Location     Type
		None
 Return value:  Size  Location     Type
		None               void
 Registers used:
		wreg, status,2, status,0, cstack
 Tracked objects:
		On entry : 
		On exit  : 
		Unchanged: 
 Data sizes:     COMRAM   BANK0   BANK1   BANK2   BANK3   BANK4   BANK5   BANK6   BANK7   BANK8   BANK9  BANK10  BANK11  BANK12  BANK13  BANK14
      Params:         0       0       0       0       0       0       0       0       0       0       0       0       0       0       0       0
      Locals:         0       0       0       0       0       0       0       0       0       0       0       0       0       0       0       0
      Temps:          0       0       0       0       0       0       0       0       0       0       0       0       0       0       0       0
      Totals:         0       0       0       0       0       0       0       0       0       0       0       0       0       0       0       0
Total ram usage:        0 bytes
 Hardware stack levels used:    1
 Hardware stack levels required when called:    5
 This function calls:
		_INTERRUPT_Initialize
		_OSCILLATOR_Initialize
		_PIN_MANAGER_Initialize
		_SPI_Initialize
		_TMR0_Initialize
		_TMR1_Initialize
 This function is called by:
		_main
 This function uses a non-reentrant model


 *************** function _TMR1_Initialize *****************
 Defined at:
		line 62 in file "mcc_generated_files/tmr1.c"
 Parameters:    Size  Location     Type
		None
 Auto vars:     Size  Location     Type
		None
 Return value:  Size  Location     Type
		None               void
 Registers used:
		wreg, status,2, status,0, cstack
 Tracked objects:
		On entry : 
		On exit  : 
		Unchanged: 
 Data sizes:     COMRAM   BANK0   BANK1   BANK2   BANK3   BANK4   BANK5   BANK6   BANK7   BANK8   BANK9  BANK10  BANK11  BANK12  BANK13  BANK14
      Params:         0       0       0       0       0       0       0       0       0       0       0       0       0       0       0       0
      Locals:         0       0       0       0       0       0       0       0       0       0       0       0       0       0       0       0
      Temps:          0       2       0       0       0       0       0       0       0       0       0       0       0       0       0       0
      Totals:         0       2       0       0       0       0       0       0       0       0       0       0       0       0       0       0
Total ram usage:        2 bytes
 Hardware stack levels used:    1
 Hardware stack levels required when called:    4
 This function calls:
		_TMR1_SetInterruptHandler
		_TMR1_StartTimer
 This function is called by:
		_SYSTEM_Initialize
 This function uses a non-reentrant model


 *************** function _TMR1_StartTimer *****************
 Defined at:
		line 94 in file "mcc_generated_files/tmr1.c"
 Parameters:    Size  Location     Type
		None
 Auto vars:     Size  Location     Type
		None
 Return value:  Size  Location     Type
		None               void
 Registers used:
		None
 Tracked objects:
		On entry : 
		On exit  : 
		Unchanged: 
 Data sizes:     COMRAM   BANK0   BANK1   BANK2   BANK3   BANK4   BANK5   BANK6   BANK7   BANK8   BANK9  BANK10  BANK11  BANK12  BANK13  BANK14
      Params:         0       0       0       0       0       0       0       0       0       0       0       0       0       0       0       0
      Locals:         0       0       0       0       0       0       0       0       0       0       0       0       0       0       0       0
      Temps:          0       0       0       0       0       0       0       0       0       0       0       0       0       0       0       0
      Totals:         0       0       0       0       0       0       0       0       0       0       0       0       0       0       0       0
Total ram usage:        0 bytes
 Hardware stack levels used:    1
 Hardware stack levels required when called:    3
 This function calls:
		Nothing
 This function is called by:
		_TMR1_Initialize
 This function uses a non-reentrant model


 *************** function _TMR1_SetInterruptHandler *****************
 Defined at:
		line 170 in file "mcc_generated_files/tmr1.c"
 Parameters:    Size  Location     Type
  InterruptHan    2    0[BANK0 ] PTR void 
		 -> TMR1_DefaultInterruptHandler(0), 
 Auto vars:     Size  Location     Type
		None
 Return value:  Size  Location     Type
		None               void
 Registers used:
		wreg, status,2, status,0
 Tracked objects:
		On entry : 
		On exit  : 
		Unchanged: 
 Data sizes:     COMRAM   BANK0   BANK1   BANK2   BANK3   BANK4   BANK5   BANK6   BANK7   BANK8   BANK9  BANK10  BANK11  BANK12  BANK13  BANK14
      Params:         0       2       0       0       0       0       0       0       0       0       0       0       0       0       0       0
      Locals:         0       0       0       0       0       0       0       0       0       0       0       0       0       0       0       0
      Temps:          0       0       0       0       0       0       0       0       0       0       0       0       0       0       0       0
      Totals:         0       2       0       0       0       0       0       0       0       0       0       0       0       0       0       0
Total ram usage:        2 bytes
 Hardware stack levels used:    1
 Hardware stack levels required when called:    3
 This function calls:
		Nothing
 This function is called by:
		_TMR1_Initialize
 This function uses a non-reentrant model


 *************** function _TMR0_Initialize *****************
 Defined at:
		line 63 in file "mcc_generated_files/tmr0.c"
 Parameters:    Size  Location     Type
		None
 Auto vars:     Size  Location     Type
		None
 Return value:  Size  Location     Type
		None               void
 Registers used:
		wreg, status,2, status,0, cstack
 Tracked objects:
		On entry : 
		On exit  : 
		Unchanged: 
 Data sizes:     COMRAM   BANK0   BANK1   BANK2   BANK3   BANK4   BANK5   BANK6   BANK7   BANK8   BANK9  BANK10  BANK11  BANK12  BANK13  BANK14
      Params:         0       0       0       0       0       0       0       0       0       0       0       0       0       0       0       0
      Locals:         0       0       0       0       0       0       0       0       0       0       0       0       0       0       0       0
      Temps:          0       2       0       0       0       0       0       0       0       0       0       0       0       0       0       0
      Totals:         0       2       0       0       0       0       0       0       0       0       0       0       0       0       0       0
Total ram usage:        2 bytes
 Hardware stack levels used:    1
 Hardware stack levels required when called:    4
 This function calls:
		_TMR0_SetInterruptHandler
		_TMR0_StartTimer
 This function is called by:
		_SYSTEM_Initialize
 This function uses a non-reentrant model


 *************** function _TMR0_StartTimer *****************
 Defined at:
		line 92 in file "mcc_generated_files/tmr0.c"
 Parameters:    Size  Location     Type
		None
 Auto vars:     Size  Location     Type
		None
 Return value:  Size  Location     Type
		None               void
 Registers used:
		None
 Tracked objects:
		On entry : 
		On exit  : 
		Unchanged: 
 Data sizes:     COMRAM   BANK0   BANK1   BANK2   BANK3   BANK4   BANK5   BANK6   BANK7   BANK8   BANK9  BANK10  BANK11  BANK12  BANK13  BANK14
      Params:         0       0       0       0       0       0       0       0       0       0       0       0       0       0       0       0
      Locals:         0       0       0       0       0       0       0       0       0       0       0       0       0       0       0       0
      Temps:          0       0       0       0       0       0       0       0       0       0       0       0       0       0       0       0
      Totals:         0       0       0       0       0       0       0       0       0       0       0       0       0       0       0       0
Total ram usage:        0 bytes
 Hardware stack levels used:    1
 Hardware stack levels required when called:    3
 This function calls:
		Nothing
 This function is called by:
		_TMR0_Initialize
 This function uses a non-reentrant model


 *************** function _TMR0_SetInterruptHandler *****************
 Defined at:
		line 151 in file "mcc_generated_files/tmr0.c"
 Parameters:    Size  Location     Type
  InterruptHan    2    0[BANK0 ] PTR void 
		 -> TMR0_DefaultInterruptHandler(0), 
 Auto vars:     Size  Location     Type
		None
 Return value:  Size  Location     Type
		None               void
 Registers used:
		wreg, status,2, status,0
 Tracked objects:
		On entry : 
		On exit  : 
		Unchanged: 
 Data sizes:     COMRAM   BANK0   BANK1   BANK2   BANK3   BANK4   BANK5   BANK6   BANK7   BANK8   BANK9  BANK10  BANK11  BANK12  BANK13  BANK14
      Params:         0       2       0       0       0       0       0       0       0       0       0       0       0       0       0       0
      Locals:         0       0       0       0       0       0       0       0       0       0       0       0       0       0       0       0
      Temps:          0       0       0       0       0       0       0       0       0       0       0       0       0       0       0       0
      Totals:         0       2       0       0       0       0       0       0       0       0       0       0       0       0       0       0
Total ram usage:        2 bytes
 Hardware stack levels used:    1
 Hardware stack levels required when called:    3
 This function calls:
		Nothing
 This function is called by:
		_TMR0_Initialize
 This function uses a non-reentrant model


 *************** function _SPI_Initialize *****************
 Defined at:
		line 63 in file "mcc_generated_files/spi.c"
 Parameters:    Size  Location     Type
		None
 Auto vars:     Size  Location     Type
		None
 Return value:  Size  Location     Type
		None               void
 Registers used:
		wreg, status,2
 Tracked objects:
		On entry : 
		On exit  : 
		Unchanged: 
 Data sizes:     COMRAM   BANK0   BANK1   BANK2   BANK3   BANK4   BANK5   BANK6   BANK7   BANK8   BANK9  BANK10  BANK11  BANK12  BANK13  BANK14
      Params:         0       0       0       0       0       0       0       0       0       0       0       0       0       0       0       0
      Locals:         0       0       0       0       0       0       0       0       0       0       0       0       0       0       0       0
      Temps:          0       0       0       0       0       0       0       0       0       0       0       0       0       0       0       0
      Totals:         0       0       0       0       0       0       0       0       0       0       0       0       0       0       0       0
Total ram usage:        0 bytes
 Hardware stack levels used:    1
 Hardware stack levels required when called:    3
 This function calls:
		Nothing
 This function is called by:
		_SYSTEM_Initialize
 This function uses a non-reentrant model


 *************** function _PIN_MANAGER_Initialize *****************
 Defined at:
		line 49 in file "mcc_generated_files/pin_manager.c"
 Parameters:    Size  Location     Type
		None
 Auto vars:     Size  Location     Type
		None
 Return value:  Size  Location     Type
		None               void
 Registers used:
		wreg, status,2
 Tracked objects:
		On entry : 
		On exit  : 
		Unchanged: 
 Data sizes:     COMRAM   BANK0   BANK1   BANK2   BANK3   BANK4   BANK5   BANK6   BANK7   BANK8   BANK9  BANK10  BANK11  BANK12  BANK13  BANK14
      Params:         0       0       0       0       0       0       0       0       0       0       0       0       0       0       0       0
      Locals:         0       0       0       0       0       0       0       0       0       0       0       0       0       0       0       0
      Temps:          0       0       0       0       0       0       0       0       0       0       0       0       0       0       0       0
      Totals:         0       0       0       0       0       0       0       0       0       0       0       0       0       0       0       0
Total ram usage:        0 bytes
 Hardware stack levels used:    1
 Hardware stack levels required when called:    3
 This function calls:
		Nothing
 This function is called by:
		_SYSTEM_Initialize
 This function uses a non-reentrant model


 *************** function _OSCILLATOR_Initialize *****************
 Defined at:
		line 122 in file "mcc_generated_files/mcc.c"
 Parameters:    Size  Location     Type
		None
 Auto vars:     Size  Location     Type
		None
 Return value:  Size  Location     Type
		None               void
 Registers used:
		wreg, status,2
 Tracked objects:
		On entry : 
		On exit  : 
		Unchanged: 
 Data sizes:     COMRAM   BANK0   BANK1   BANK2   BANK3   BANK4   BANK5   BANK6   BANK7   BANK8   BANK9  BANK10  BANK11  BANK12  BANK13  BANK14
      Params:         0       0       0       0       0       0       0       0       0       0       0       0       0       0       0       0
      Locals:         0       0       0       0       0       0       0       0       0       0       0       0       0       0       0       0
      Temps:          0       0       0       0       0       0       0       0       0       0       0       0       0       0       0       0
      Totals:         0       0       0       0       0       0       0       0       0       0       0       0       0       0       0       0
Total ram usage:        0 bytes
 Hardware stack levels used:    1
 Hardware stack levels required when called:    3
 This function calls:
		Nothing
 This function is called by:
		_SYSTEM_Initialize
 This function uses a non-reentrant model


 *************** function _INTERRUPT_Initialize *****************
 Defined at:
		line 51 in file "mcc_generated_files/interrupt_manager.c"
 Parameters:    Size  Location     Type
		None
 Auto vars:     Size  Location     Type
		None
 Return value:  Size  Location     Type
		None               void
 Registers used:
		None
 Tracked objects:
		On entry : 
		On exit  : 
		Unchanged: 
 Data sizes:     COMRAM   BANK0   BANK1   BANK2   BANK3   BANK4   BANK5   BANK6   BANK7   BANK8   BANK9  BANK10  BANK11  BANK12  BANK13  BANK14
      Params:         0       0       0       0       0       0       0       0       0       0       0       0       0       0       0       0
      Locals:         0       0       0       0       0       0       0       0       0       0       0       0       0       0       0       0
      Temps:          0       0       0       0       0       0       0       0       0       0       0       0       0       0       0       0
      Totals:         0       0       0       0       0       0       0       0       0       0       0       0       0       0       0       0
Total ram usage:        0 bytes
 Hardware stack levels used:    1
 Hardware stack levels required when called:    3
 This function calls:
		Nothing
 This function is called by:
		_SYSTEM_Initialize
 This function uses a non-reentrant model


 *************** function _INTERRUPT_InterruptManager *****************
 Defined at:
		line 66 in file "mcc_generated_files/interrupt_manager.c"
 Parameters:    Size  Location     Type
		None
 Auto vars:     Size  Location     Type
		None
 Return value:  Size  Location     Type
		None               void
 Registers used:
		wreg, status,2, status,0, pclat, tosl, cstack
 Tracked objects:
		On entry : 
		On exit  : 
		Unchanged: 
 Data sizes:     COMRAM   BANK0   BANK1   BANK2   BANK3   BANK4   BANK5   BANK6   BANK7   BANK8   BANK9  BANK10  BANK11  BANK12  BANK13  BANK14
      Params:         0       0       0       0       0       0       0       0       0       0       0       0       0       0       0       0
      Locals:         0       0       0       0       0       0       0       0       0       0       0       0       0       0       0       0
      Temps:         14       0       0       0       0       0       0       0       0       0       0       0       0       0       0       0
      Totals:        14       0       0       0       0       0       0       0       0       0       0       0       0       0       0       0
Total ram usage:       14 bytes
 Hardware stack levels used:    1
 Hardware stack levels required when called:    2
 This function calls:
		_TMR0_ISR
		_TMR1_ISR
 This function is called by:
		Interrupt level 2
 This function uses a non-reentrant model


 *************** function _TMR1_ISR *****************
 Defined at:
		line 154 in file "mcc_generated_files/tmr1.c"
 Parameters:    Size  Location     Type
		None
 Auto vars:     Size  Location     Type
		None
 Return value:  Size  Location     Type
		None               void
 Registers used:
		wreg, status,2, status,0, pclat, tosl, cstack
 Tracked objects:
		On entry : 
		On exit  : 
		Unchanged: 
 Data sizes:     COMRAM   BANK0   BANK1   BANK2   BANK3   BANK4   BANK5   BANK6   BANK7   BANK8   BANK9  BANK10  BANK11  BANK12  BANK13  BANK14
      Params:         0       0       0       0       0       0       0       0       0       0       0       0       0       0       0       0
      Locals:         0       0       0       0       0       0       0       0       0       0       0       0       0       0       0       0
      Temps:          3       0       0       0       0       0       0       0       0       0       0       0       0       0       0       0
      Totals:         3       0       0       0       0       0       0       0       0       0       0       0       0       0       0       0
Total ram usage:        3 bytes
 Hardware stack levels used:    1
 Hardware stack levels required when called:    1
 This function calls:
		Absolute function
		_TMR1_DefaultInterruptHandler
 This function is called by:
		_INTERRUPT_InterruptManager
 This function uses a non-reentrant model


 *************** function _TMR1_DefaultInterruptHandler *****************
 Defined at:
		line 174 in file "mcc_generated_files/tmr1.c"
 Parameters:    Size  Location     Type
		None
 Auto vars:     Size  Location     Type
		None
 Return value:  Size  Location     Type
		None               void
 Registers used:
		None
 Tracked objects:
		On entry : 
		On exit  : 
		Unchanged: 
 Data sizes:     COMRAM   BANK0   BANK1   BANK2   BANK3   BANK4   BANK5   BANK6   BANK7   BANK8   BANK9  BANK10  BANK11  BANK12  BANK13  BANK14
      Params:         0       0       0       0       0       0       0       0       0       0       0       0       0       0       0       0
      Locals:         0       0       0       0       0       0       0       0       0       0       0       0       0       0       0       0
      Temps:          0       0       0       0       0       0       0       0       0       0       0       0       0       0       0       0
      Totals:         0       0       0       0       0       0       0       0       0       0       0       0       0       0       0       0
Total ram usage:        0 bytes
 Hardware stack levels used:    1
 This function calls:
		Nothing
 This function is called by:
		_TMR1_Initialize
		_TMR1_ISR
 This function uses a non-reentrant model


 *************** function _TMR0_ISR *****************
 Defined at:
		line 131 in file "mcc_generated_files/tmr0.c"
 Parameters:    Size  Location     Type
		None
 Auto vars:     Size  Location     Type
		None
 Return value:  Size  Location     Type
		None               void
 Registers used:
		wreg, status,2, status,0, pclat, tosl, cstack
 Tracked objects:
		On entry : 
		On exit  : 
		Unchanged: 
 Data sizes:     COMRAM   BANK0   BANK1   BANK2   BANK3   BANK4   BANK5   BANK6   BANK7   BANK8   BANK9  BANK10  BANK11  BANK12  BANK13  BANK14
      Params:         0       0       0       0       0       0       0       0       0       0       0       0       0       0       0       0
      Locals:         0       0       0       0       0       0       0       0       0       0       0       0       0       0       0       0
      Temps:          3       0       0       0       0       0       0       0       0       0       0       0       0       0       0       0
      Totals:         3       0       0       0       0       0       0       0       0       0       0       0       0       0       0       0
Total ram usage:        3 bytes
 Hardware stack levels used:    1
 Hardware stack levels required when called:    1
 This function calls:
		Absolute function
		_TMR0_DefaultInterruptHandler
 This function is called by:
		_INTERRUPT_InterruptManager
 This function uses a non-reentrant model


 *************** function _TMR0_DefaultInterruptHandler *****************
 Defined at:
		line 155 in file "mcc_generated_files/tmr0.c"
 Parameters:    Size  Location     Type
		None
 Auto vars:     Size  Location     Type
		None
 Return value:  Size  Location     Type
		None               void
 Registers used:
		None
 Tracked objects:
		On entry : 
		On exit  : 
		Unchanged: 
 Data sizes:     COMRAM   BANK0   BANK1   BANK2   BANK3   BANK4   BANK5   BANK6   BANK7   BANK8   BANK9  BANK10  BANK11  BANK12  BANK13  BANK14
      Params:         0       0       0       0       0       0       0       0       0       0       0       0       0       0       0       0
      Locals:         0       0       0       0       0       0       0       0       0       0       0       0       0       0       0       0
      Temps:          0       0       0       0       0       0       0       0       0       0       0       0       0       0       0       0
      Totals:         0       0       0       0       0       0       0       0       0       0       0       0       0       0       0       0
Total ram usage:        0 bytes
 Hardware stack levels used:    1
 This function calls:
		Nothing
 This function is called by:
		_TMR0_Initialize
		_TMR0_ISR
 This function uses a non-reentrant model



MODULE INFORMATION

Module		Function		Class		Link	Load	Size
mcc_generated_files/interrupt_manager.c
		_INTERRUPT_Init		CODE           	0288	0000	8
		_INTERRUPT_Inte		CODE           	0008	0000	136

mcc_generated_files/interrupt_manager.c estimated size: 144

mcc_generated_files/tmr0.c
		_TMR0_SetInterr		CODE           	0262	0000	14
		_TMR0_DefaultIn		CODE           	029A	0000	2
		_TMR0_StartTime		CODE           	0294	0000	4
		_TMR0_ISR      		CODE           	01B6	0000	50
		_TMR0_Initializ		CODE           	0142	0000	66

mcc_generated_files/tmr0.c estimated size: 136

mcc_generated_files/pin_manager.c
		_PIN_MANAGER_In		CODE           	01E8	0000	42

mcc_generated_files/pin_manager.c estimated size: 42

mcc_generated_files/spi.c
		_SPI_Initialize		CODE           	0270	0000	14

mcc_generated_files/spi.c estimated size: 14

shared
		_wRc663_Default		MEDIUMCONST    	D6D7	0000	48
		_gkphhalHw_Rc66		MEDIUMCONST    	D911	0000	15
		_gkphhalHw_Rc66		MEDIUMCONST    	D920	0000	15
		_gkphhalHw_Rc66		MEDIUMCONST    	D902	0000	15
		_gkphhalHw_Rc66		MEDIUMCONST    	D92F	0000	15
		_wRc663_Emvco_I		MEDIUMCONST    	D80B	0000	40
		_gkphhalHw_Rc66		MEDIUMCONST    	D94D	0000	15
		_gkphhalHw_Rc66		MEDIUMCONST    	D88A	0000	15
		__stringdata   		MEDIUMCONST    	D9B3	0000	9804
		_gkphhalHw_Rc66		MEDIUMCONST    	D95C	0000	15
		_gkphhalHw_Rc66		MEDIUMCONST    	D97A	0000	15
		_gkphhalHw_Rc66		MEDIUMCONST    	D96B	0000	15
		_cTableLine    		MEDIUMCONST    	D833	0000	29
		_gkphhalHw_Rc66		MEDIUMCONST    	D989	0000	15
		_cTableLine2   		MEDIUMCONST    	D87A	0000	16
		_gkphhalHw_Rc66		MEDIUMCONST    	D93E	0000	15
		_bAccessPasswor		MEDIUMCONST    	D9AF	0000	2
		_wRc663_Emvco_I		MEDIUMCONST    	D7B7	0000	44
		_bAccessPasswor		MEDIUMCONST    	D9B1	0000	2
		_dpowers       		MEDIUMCONST    	D691	0000	10
		_gkphhalHw_Rc66		MEDIUMCONST    	D676	0000	15
		_cTableReturn  		MEDIUMCONST    	D9A4	0000	11
		_gkphhalHw_Rc66		MEDIUMCONST    	D8D5	0000	15
		_gkphhalHw_Rc66		MEDIUMCONST    	D8E4	0000	15
		_gkphhalHw_Rc66		MEDIUMCONST    	D8C6	0000	15
		_gkphhalHw_Rc66		MEDIUMCONST    	D8F3	0000	15
		_cTableReturnMa		MEDIUMCONST    	D850	0000	24
		_wRc663_Default		MEDIUMCONST    	D733	0000	44
		_cHelloWord_Siz		MEDIUMCONST    	D6A5	0000	2
		__initializatio		CODE           	0094	0000	96
		_octpowers     		MEDIUMCONST    	D685	0000	12
		phTools_GetVers		MEDIUMCONST    	D65D	0000	25
		_cTryAgain     		MEDIUMCONST    	D868	0000	18
		_wRc663_Default		MEDIUMCONST    	D707	0000	44
		_wRc663_Default		MEDIUMCONST    	D6A7	0000	48
		_hexpowers     		MEDIUMCONST    	D69B	0000	8
		_wRc663_Default		MEDIUMCONST    	D75F	0000	44
		_wRc663_Default		MEDIUMCONST    	D7E3	0000	40
		_wRc663_Default		MEDIUMCONST    	D78B	0000	44
		_CRP_WORD      		MEDIUMCONST    	D6A3	0000	2
		_gkphhalHw_Rc66		MEDIUMCONST    	D899	0000	15
		_gkphhalHw_Rc66		MEDIUMCONST    	D625	0000	56
		_cHelloWord    		MEDIUMCONST    	D998	0000	12
		_gkphhalHw_Rc66		MEDIUMCONST    	D8A8	0000	15
		_gkphhalHw_Rc66		MEDIUMCONST    	D8B7	0000	15

shared estimated size: 10810

mcc_generated_files/mcc.c
		_OSCILLATOR_Ini		CODE           	0242	0000	18
		_SYSTEM_Initial		CODE           	0212	0000	26

mcc_generated_files/mcc.c estimated size: 44

mcc_generated_files/tmr1.c
		_TMR1_Initializ		CODE           	00FA	0000	72
		_TMR1_SetInterr		CODE           	0254	0000	14
		_TMR1_DefaultIn		CODE           	0298	0000	2
		_TMR1_StartTime		CODE           	0290	0000	4
		_TMR1_ISR      		CODE           	0184	0000	50

mcc_generated_files/tmr1.c estimated size: 142

main.c
		_main          		CODE           	027E	0000	10

main.c estimated size: 10

